Archive member included to satisfy reference by file (symbol)

C:/ST/STM32CubeIDE_1.19.0/STM32CubeIDE/plugins/com.st.stm32cube.ide.mcu.externaltools.gnu-tools-for-stm32.13.3.rel1.win32_1.0.0.202411081344/tools/bin/../lib/gcc/arm-none-eabi/13.3.1/../../../../arm-none-eabi/lib/thumb/v7e-m+dp/hard\libc_nano.a(libc_a-exit.o)
                              C:/ST/STM32CubeIDE_1.19.0/STM32CubeIDE/plugins/com.st.stm32cube.ide.mcu.externaltools.gnu-tools-for-stm32.13.3.rel1.win32_1.0.0.202411081344/tools/bin/../lib/gcc/arm-none-eabi/13.3.1/../../../../arm-none-eabi/lib/thumb/v7e-m+dp/hard/crt0.o (exit)
C:/ST/STM32CubeIDE_1.19.0/STM32CubeIDE/plugins/com.st.stm32cube.ide.mcu.externaltools.gnu-tools-for-stm32.13.3.rel1.win32_1.0.0.202411081344/tools/bin/../lib/gcc/arm-none-eabi/13.3.1/../../../../arm-none-eabi/lib/thumb/v7e-m+dp/hard\libc_nano.a(libc_a-malloc.o)
                              ./Middlewares/ST/STM32_USB_Host_Library/Class/AUDIO/Src/usbh_audio.o (malloc)
C:/ST/STM32CubeIDE_1.19.0/STM32CubeIDE/plugins/com.st.stm32cube.ide.mcu.externaltools.gnu-tools-for-stm32.13.3.rel1.win32_1.0.0.202411081344/tools/bin/../lib/gcc/arm-none-eabi/13.3.1/../../../../arm-none-eabi/lib/thumb/v7e-m+dp/hard\libc_nano.a(libc_a-mallocr.o)
                              C:/ST/STM32CubeIDE_1.19.0/STM32CubeIDE/plugins/com.st.stm32cube.ide.mcu.externaltools.gnu-tools-for-stm32.13.3.rel1.win32_1.0.0.202411081344/tools/bin/../lib/gcc/arm-none-eabi/13.3.1/../../../../arm-none-eabi/lib/thumb/v7e-m+dp/hard\libc_nano.a(libc_a-malloc.o) (_malloc_r)
C:/ST/STM32CubeIDE_1.19.0/STM32CubeIDE/plugins/com.st.stm32cube.ide.mcu.externaltools.gnu-tools-for-stm32.13.3.rel1.win32_1.0.0.202411081344/tools/bin/../lib/gcc/arm-none-eabi/13.3.1/../../../../arm-none-eabi/lib/thumb/v7e-m+dp/hard\libc_nano.a(libc_a-mlock.o)
                              C:/ST/STM32CubeIDE_1.19.0/STM32CubeIDE/plugins/com.st.stm32cube.ide.mcu.externaltools.gnu-tools-for-stm32.13.3.rel1.win32_1.0.0.202411081344/tools/bin/../lib/gcc/arm-none-eabi/13.3.1/../../../../arm-none-eabi/lib/thumb/v7e-m+dp/hard\libc_nano.a(libc_a-mallocr.o) (__malloc_lock)
C:/ST/STM32CubeIDE_1.19.0/STM32CubeIDE/plugins/com.st.stm32cube.ide.mcu.externaltools.gnu-tools-for-stm32.13.3.rel1.win32_1.0.0.202411081344/tools/bin/../lib/gcc/arm-none-eabi/13.3.1/../../../../arm-none-eabi/lib/thumb/v7e-m+dp/hard\libc_nano.a(libc_a-findfp.o)
                              C:/ST/STM32CubeIDE_1.19.0/STM32CubeIDE/plugins/com.st.stm32cube.ide.mcu.externaltools.gnu-tools-for-stm32.13.3.rel1.win32_1.0.0.202411081344/tools/bin/../lib/gcc/arm-none-eabi/13.3.1/../../../../arm-none-eabi/lib/thumb/v7e-m+dp/hard\libc_nano.a(libc_a-exit.o) (__stdio_exit_handler)
C:/ST/STM32CubeIDE_1.19.0/STM32CubeIDE/plugins/com.st.stm32cube.ide.mcu.externaltools.gnu-tools-for-stm32.13.3.rel1.win32_1.0.0.202411081344/tools/bin/../lib/gcc/arm-none-eabi/13.3.1/../../../../arm-none-eabi/lib/thumb/v7e-m+dp/hard\libc_nano.a(libc_a-fwalk.o)
                              C:/ST/STM32CubeIDE_1.19.0/STM32CubeIDE/plugins/com.st.stm32cube.ide.mcu.externaltools.gnu-tools-for-stm32.13.3.rel1.win32_1.0.0.202411081344/tools/bin/../lib/gcc/arm-none-eabi/13.3.1/../../../../arm-none-eabi/lib/thumb/v7e-m+dp/hard\libc_nano.a(libc_a-findfp.o) (_fwalk_sglue)
C:/ST/STM32CubeIDE_1.19.0/STM32CubeIDE/plugins/com.st.stm32cube.ide.mcu.externaltools.gnu-tools-for-stm32.13.3.rel1.win32_1.0.0.202411081344/tools/bin/../lib/gcc/arm-none-eabi/13.3.1/../../../../arm-none-eabi/lib/thumb/v7e-m+dp/hard\libc_nano.a(libc_a-printf.o)
                              ./Middlewares/ST/STM32_USB_Host_Library/Class/AUDIO/Src/usbh_audio.o (printf)
C:/ST/STM32CubeIDE_1.19.0/STM32CubeIDE/plugins/com.st.stm32cube.ide.mcu.externaltools.gnu-tools-for-stm32.13.3.rel1.win32_1.0.0.202411081344/tools/bin/../lib/gcc/arm-none-eabi/13.3.1/../../../../arm-none-eabi/lib/thumb/v7e-m+dp/hard\libc_nano.a(libc_a-putchar.o)
                              ./Middlewares/ST/STM32_USB_Host_Library/Class/AUDIO/Src/usbh_audio.o (putchar)
C:/ST/STM32CubeIDE_1.19.0/STM32CubeIDE/plugins/com.st.stm32cube.ide.mcu.externaltools.gnu-tools-for-stm32.13.3.rel1.win32_1.0.0.202411081344/tools/bin/../lib/gcc/arm-none-eabi/13.3.1/../../../../arm-none-eabi/lib/thumb/v7e-m+dp/hard\libc_nano.a(libc_a-stdio.o)
                              C:/ST/STM32CubeIDE_1.19.0/STM32CubeIDE/plugins/com.st.stm32cube.ide.mcu.externaltools.gnu-tools-for-stm32.13.3.rel1.win32_1.0.0.202411081344/tools/bin/../lib/gcc/arm-none-eabi/13.3.1/../../../../arm-none-eabi/lib/thumb/v7e-m+dp/hard\libc_nano.a(libc_a-findfp.o) (__sread)
C:/ST/STM32CubeIDE_1.19.0/STM32CubeIDE/plugins/com.st.stm32cube.ide.mcu.externaltools.gnu-tools-for-stm32.13.3.rel1.win32_1.0.0.202411081344/tools/bin/../lib/gcc/arm-none-eabi/13.3.1/../../../../arm-none-eabi/lib/thumb/v7e-m+dp/hard\libc_nano.a(libc_a-memset.o)
[...]
Memory Configuration

Name             Origin             Length             Attributes
ITCMRAM          0x00000000         0x00010000         xrw
FLASH            0x08000000         0x00200000         xr
DTCMRAM1         0x20000000         0x00010000         xrw
DTCMRAM2         0x20010000         0x00010000         xrw
RAM              0x24000000         0x00100000         xrw
RAM_CD           0x30000000         0x00020000         xrw
RAM_SRD          0x38000000         0x00008000         xrw
*default*        0x00000000         0xffffffff

Linker script and memory map

LOAD C:/ST/STM32CubeIDE_1.19.0/STM32CubeIDE/plugins/com.st.stm32cube.ide.mcu.externaltools.gnu-tools-for-stm32.13.3.rel1.win32_1.0.0.202411081344/tools/bin/../lib/gcc/arm-none-eabi/13.3.1/thumb/v7e-m+dp/hard/crti.o
LOAD C:/ST/STM32CubeIDE_1.19.0/STM32CubeIDE/plugins/com.st.stm32cube.ide.mcu.externaltools.gnu-tools-for-stm32.13.3.rel1.win32_1.0.0.202411081344/tools/bin/../lib/gcc/arm-none-eabi/13.3.1/thumb/v7e-m+dp/hard/crtbegin.o
LOAD C:/ST/STM32CubeIDE_1.19.0/STM32CubeIDE/plugins/com.st.stm32cube.ide.mcu.externaltools.gnu-tools-for-stm32.13.3.rel1.win32_1.0.0.202411081344/tools/bin/../lib/gcc/arm-none-eabi/13.3.1/../../../../arm-none-eabi/lib/thumb/v7e-m+dp/hard/crt0.o
LOAD ./Core/Src/main.o
LOAD ./Core/Src/mfxstm32l152.o
LOAD ./Core/Src/mfxstm32l152_reg.o
LOAD ./Core/Src/stm32h7b3i_eval.o
LOAD ./Core/Src/stm32h7b3i_eval_bus.o
LOAD ./Core/Src/stm32h7b3i_eval_io.o
LOAD ./Core/Src/stm32h7xx_hal_msp.o
LOAD ./Core/Src/stm32h7xx_it.o
LOAD ./Core/Src/syscalls.o
LOAD ./Core/Src/sysmem.o
LOAD ./Core/Src/system_stm32h7xx.o
LOAD ./Core/Startup/startup_stm32h7b3lihxq.o
LOAD ./Drivers/STM32H7xx_HAL_Driver/Inc/stm32h7xx_hal_uart.o
LOAD ./Drivers/STM32H7xx_HAL_Driver/Inc/stm32h7xx_hal_uart_ex.o
LOAD ./Drivers/STM32H7xx_HAL_Driver/Src/stm32h7xx_hal.o
LOAD ./Drivers/STM32H7xx_HAL_Driver/Src/stm32h7xx_hal_cortex.o
LOAD ./Drivers/STM32H7xx_HAL_Driver/Src/stm32h7xx_hal_dma.o
LOAD ./Drivers/STM32H7xx_HAL_Driver/Src/stm32h7xx_hal_dma_ex.o
LOAD ./Drivers/STM32H7xx_HAL_Driver/Src/stm32h7xx_hal_exti.o
LOAD ./Drivers/STM32H7xx_HAL_Driver/Src/stm32h7xx_hal_flash.o
LOAD ./Drivers/STM32H7xx_HAL_Driver/Src/stm32h7xx_hal_flash_ex.o
LOAD ./Drivers/STM32H7xx_HAL_Driver/Src/stm32h7xx_hal_gpio.o
LOAD ./Drivers/STM32H7xx_HAL_Driver/Src/stm32h7xx_hal_hcd.o
LOAD ./Drivers/STM32H7xx_HAL_Driver/Src/stm32h7xx_hal_hsem.o
LOAD ./Drivers/STM32H7xx_HAL_Driver/Src/stm32h7xx_hal_i2c.o
LOAD ./Drivers/STM32H7xx_HAL_Driver/Src/stm32h7xx_hal_i2c_ex.o
LOAD ./Drivers/STM32H7xx_HAL_Driver/Src/stm32h7xx_hal_mdma.o
LOAD ./Drivers/STM32H7xx_HAL_Driver/Src/stm32h7xx_hal_pwr.o
LOAD ./Drivers/STM32H7xx_HAL_Driver/Src/stm32h7xx_hal_pwr_ex.o
LOAD ./Drivers/STM32H7xx_HAL_Driver/Src/stm32h7xx_hal_rcc.o
LOAD ./Drivers/STM32H7xx_HAL_Driver/Src/stm32h7xx_hal_rcc_ex.o
LOAD ./Drivers/STM32H7xx_HAL_Driver/Src/stm32h7xx_hal_tim.o
LOAD ./Drivers/STM32H7xx_HAL_Driver/Src/stm32h7xx_hal_tim_ex.o
LOAD ./Drivers/STM32H7xx_HAL_Driver/Src/stm32h7xx_ll_usb.o
LOAD ./Middlewares/ST/STM32_USB_Host_Library/Class/AUDIO/Src/usbh_audio.o
LOAD ./Middlewares/ST/STM32_USB_Host_Library/Core/Src/usbh_core.o
LOAD ./Middlewares/ST/STM32_USB_Host_Library/Core/Src/usbh_ctlreq.o
LOAD ./Middlewares/ST/STM32_USB_Host_Library/Core/Src/usbh_ioreq.o
LOAD ./Middlewares/ST/STM32_USB_Host_Library/Core/Src/usbh_pipes.o
LOAD ./USB_HOST/App/usb_host.o
LOAD ./USB_HOST/Target/usbh_conf.o
START GROUP
LOAD C:/ST/STM32CubeIDE_1.19.0/STM32CubeIDE/plugins/com.st.stm32cube.ide.mcu.externaltools.gnu-tools-for-stm32.13.3.rel1.win32_1.0.0.202411081344/tools/bin/../lib/gcc/arm-none-eabi/13.3.1/../../../../arm-none-eabi/lib/thumb/v7e-m+dp/hard\libc_nano.a
LOAD C:/ST/STM32CubeIDE_1.19.0/STM32CubeIDE/plugins/com.st.stm32cube.ide.mcu.externaltools.gnu-tools-for-stm32.13.3.rel1.win32_1.0.0.202411081344/tools/bin/../lib/gcc/arm-none-eabi/13.3.1/../../../../arm-none-eabi/lib/thumb/v7e-m+dp/hard\libm.a
END GROUP
START GROUP
LOAD C:/ST/STM32CubeIDE_1.19.0/STM32CubeIDE/plugins/com.st.stm32cube.ide.mcu.externaltools.gnu-tools-for-stm32.13.3.rel1.win32_1.0.0.202411081344/tools/bin/../lib/gcc/arm-none-eabi/13.3.1/thumb/v7e-m+dp/hard\libgcc.a
LOAD C:/ST/STM32CubeIDE_1.19.0/STM32CubeIDE/plugins/com.st.stm32cube.ide.mcu.externaltools.gnu-tools-for-stm32.13.3.rel1.win32_1.0.0.202411081344/tools/bin/../lib/gcc/arm-none-eabi/13.3.1/../../../../arm-none-eabi/lib/thumb/v7e-m+dp/hard\libc_nano.a
END GROUP
START GROUP
LOAD C:/ST/STM32CubeIDE_1.19.0/STM32CubeIDE/plugins/com.st.stm32cube.ide.mcu.externaltools.gnu-tools-for-stm32.13.3.rel1.win32_1.0.0.202411081344/tools/bin/../lib/gcc/arm-none-eabi/13.3.1/thumb/v7e-m+dp/hard\libgcc.a
LOAD C:/ST/STM32CubeIDE_1.19.0/STM32CubeIDE/plugins/com.st.stm32cube.ide.mcu.externaltools.gnu-tools-for-stm32.13.3.rel1.win32_1.0.0.202411081344/tools/bin/../lib/gcc/arm-none-eabi/13.3.1/../../../../arm-none-eabi/lib/thumb/v7e-m+dp/hard\libc_nano.a
LOAD C:/ST/STM32CubeIDE_1.19.0/STM32CubeIDE/plugins/com.st.stm32cube.ide.mcu.externaltools.gnu-tools-for-stm32.13.3.rel1.win32_1.0.0.202411081344/tools/bin/../lib/gcc/arm-none-eabi/13.3.1/../../../../arm-none-eabi/lib/thumb/v7e-m+dp/hard\libnosys.a
END GROUP
START GROUP
LOAD C:/ST/STM32CubeIDE_1.19.0/STM32CubeIDE/plugins/com.st.stm32cube.ide.mcu.externaltools.gnu-tools-for-stm32.13.3.rel1.win32_1.0.0.202411081344/tools/bin/../lib/gcc/arm-none-eabi/13.3.1/thumb/v7e-m+dp/hard\libgcc.a
LOAD C:/ST/STM32CubeIDE_1.19.0/STM32CubeIDE/plugins/com.st.stm32cube.ide.mcu.externaltools.gnu-tools-for-stm32.13.3.rel1.win32_1.0.0.202411081344/tools/bin/../lib/gcc/arm-none-eabi/13.3.1/../../../../arm-none-eabi/lib/thumb/v7e-m+dp/hard\libc_nano.a
LOAD C:/ST/STM32CubeIDE_1.19.0/STM32CubeIDE/plugins/com.st.stm32cube.ide.mcu.externaltools.gnu-tools-for-stm32.13.3.rel1.win32_1.0.0.202411081344/tools/bin/../lib/gcc/arm-none-eabi/13.3.1/../../../../arm-none-eabi/lib/thumb/v7e-m+dp/hard\libnosys.a
END GROUP
LOAD C:/ST/STM32CubeIDE_1.19.0/STM32CubeIDE/plugins/com.st.stm32cube.ide.mcu.externaltools.gnu-tools-for-stm32.13.3.rel1.win32_1.0.0.202411081344/tools/bin/../lib/gcc/arm-none-eabi/13.3.1/thumb/v7e-m+dp/hard/crtend.o
LOAD C:/ST/STM32CubeIDE_1.19.0/STM32CubeIDE/plugins/com.st.stm32cube.ide.mcu.externaltools.gnu-tools-for-stm32.13.3.rel1.win32_1.0.0.202411081344/tools/bin/../lib/gcc/arm-none-eabi/13.3.1/thumb/v7e-m+dp/hard/crtn.o
                0x24100000                        _estack = (ORIGIN (RAM) + LENGTH (RAM))
                0x00000200                        _Min_Heap_Size = 0x200
                0x00000400                        _Min_Stack_Size = 0x400

.isr_vector     0x08000000      0x2ac
                0x08000000                        . = ALIGN (0x4)
 *(.isr_vector)
 .isr_vector    0x08000000      0x2ac ./Core/Startup/startup_stm32h7b3lihxq.o
                0x08000000                g_pfnVectors
                0x080002ac                        . = ALIGN (0x4)

.text           0x080002b0    0x10c74
                0x080002b0                        . = ALIGN (0x4)
 *(.text)
 .text          0x080002b0       0x40 C:/ST/STM32CubeIDE_1.19.0/STM32CubeIDE/plugins/com.st.stm32cube.ide.mcu.externaltools.gnu-tools-for-stm32.13.3.rel1.win32_1.0.0.202411081344/tools/bin/../lib/gcc/arm-none-eabi/13.3.1/thumb/v7e-m+dp/hard/crtbegin.o
 .text          0x080002f0       0xa0 C:/ST/STM32CubeIDE_1.19.0/STM32CubeIDE/plugins/com.st.stm32cube.ide.mcu.externaltools.gnu-tools-for-stm32.13.3.rel1.win32_1.0.0.202411081344/tools/bin/../lib/gcc/arm-none-eabi/13.3.1/../../../../arm-none-eabi/lib/thumb/v7e-m+dp/hard\libc_nano.a(libc_a-memchr.o)
                0x080002f0                memchr
 .text          0x08000390      0x378 C:/ST/STM32CubeIDE_1.19.0/STM32CubeIDE/plugins/com.st.stm32cube.ide.mcu.externaltools.gnu-tools-for-stm32.13.3.rel1.win32_1.0.0.202411081344/tools/bin/../lib/gcc/arm-none-eabi/13.3.1/thumb/v7e-m+dp/hard\libgcc.a(_arm_addsubdf3.o)
                0x08000390                __aeabi_drsub
                0x08000398                __aeabi_dsub
                0x08000398                __subdf3
                0x0800039c                __aeabi_dadd
                0x0800039c                __adddf3
                0x08000614                __floatunsidf
                0x08000614                __aeabi_ui2d
                0x08000634                __floatsidf
                0x08000634                __aeabi_i2d
                0x08000658                __aeabi_f2d
                0x08000658                __extendsfdf2
                0x0800069c                __floatundidf
                0x0800069c                __aeabi_ul2d
                0x080006ac                __floatdidf
                0x080006ac                __aeabi_l2d
 .text          0x08000708       0x30 C:/ST/STM32CubeIDE_1.19.0/STM32CubeIDE/plugins/com.st.stm32cube.ide.mcu.externaltools.gnu-tools-for-stm32.13.3.rel1.win32_1.0.0.202411081344/tools/bin/../lib/gcc/arm-none-eabi/13.3.1/thumb/v7e-m+dp/hard\libgcc.a(_aeabi_uldivmod.o)
                0x08000708                __aeabi_uldivmod
 .text          0x08000738      0x2f8 C:/ST/STM32CubeIDE_1.19.0/STM32CubeIDE/plugins/com.st.stm32cube.ide.mcu.externaltools.gnu-tools-for-stm32.13.3.rel1.win32_1.0.0.202411081344/tools/bin/../lib/gcc/arm-none-eabi/13.3.1/thumb/v7e-m+dp/hard\libgcc.a(_udivmoddi4.o)
                0x08000738                __udivmoddi4
 .text          0x08000a30        0x4 C:/ST/STM32CubeIDE_1.19.0/STM32CubeIDE/plugins/com.st.stm32cube.ide.mcu.externaltools.gnu-tools-for-stm32.13.3.rel1.win32_1.0.0.202411081344/tools/bin/../lib/gcc/arm-none-eabi/13.3.1/thumb/v7e-m+dp/hard\libgcc.a(_dvmd_tls.o)
                0x08000a30                __aeabi_idiv0
                0x08000a30                __aeabi_ldiv0
 *(.text*)
 .text.GenerateTestTone
                0x08000a34      0x110 ./Core/Src/main.o
                0x08000a34                GenerateTestTone
 .text.StartTestTone
                0x08000b44       0xb4 ./Core/Src/main.o
                0x08000b44                StartTestTone
 .text.USBH_AUDIO_BufferEmptyCallback
                0x08000bf8       0x34 ./Core/Src/main.o
                0x08000bf8                USBH_AUDIO_BufferEmptyCallback
 .text.USBH_AUDIO_FrequencySet
                0x08000c2c       0x20 ./Core/Src/main.o
                0x08000c2c                USBH_AUDIO_FrequencySet
 .text.main     0x08000c4c      0x110 ./Core/Src/main.o
                0x08000c4c                main
 .text.SystemClock_Config
                0x08000d5c       0xf8 ./Core/Src/main.o
                0x08000d5c                SystemClock_Config
 .text.MX_USART1_UART_Init
                0x08000e54       0x54 ./Core/Src/main.o
 .text.MX_GPIO_Init
                0x08000ea8       0x34 ./Core/Src/main.o
 .text.__io_putchar
                0x08000edc       0x24 ./Core/Src/main.o
                0x08000edc                __io_putchar
 .text.MPU_Config
                0x08000f00       0xbe ./Core/Src/main.o
 .text.Error_Handler
                0x08000fbe        0xe ./Core/Src/main.o
                0x08000fbe                Error_Handler
 .text.MFXSTM32L152_Init
                0x08000fcc       0x5a ./Core/Src/mfxstm32l152.o
                0x08000fcc                MFXSTM32L152_Init
 .text.MFXSTM32L152_DeInit
                0x08001026       0x2a ./Core/Src/mfxstm32l152.o
                0x08001026                MFXSTM32L152_DeInit
 .text.MFXSTM32L152_Reset
                0x08001050       0x38 ./Core/Src/mfxstm32l152.o
                0x08001050                MFXSTM32L152_Reset
 .text.MFXSTM32L152_ReadID
                0x08001088       0x46 ./Core/Src/mfxstm32l152.o
                0x08001088                MFXSTM32L152_ReadID
 .text.MFXSTM32L152_EnableITSource
                0x080010ce       0x62 ./Core/Src/mfxstm32l152.o
                0x080010ce                MFXSTM32L152_EnableITSource
 .text.MFXSTM32L152_DisableITSource
                0x08001130       0x6c ./Core/Src/mfxstm32l152.o
                0x08001130                MFXSTM32L152_DisableITSource
 .text.MFXSTM32L152_SetIrqOutPinPolarity
                0x0800119c       0x6c ./Core/Src/mfxstm32l152.o
                0x0800119c                MFXSTM32L152_SetIrqOutPinPolarity
 .text.MFXSTM32L152_SetIrqOutPinType
                0x08001208       0x6c ./Core/Src/mfxstm32l152.o
                0x08001208                MFXSTM32L152_SetIrqOutPinType
 .text.MFXSTM32L152_IO_Start
                0x08001274       0x7e ./Core/Src/mfxstm32l152.o
                0x08001274                MFXSTM32L152_IO_Start
 *fill*         0x080012f2        0x2 
 .text.MFXSTM32L152_IO_Init
                0x080012f4      0x2d0 ./Core/Src/mfxstm32l152.o
                0x080012f4                MFXSTM32L152_IO_Init
 .text.MFXSTM32L152_IO_InitPin
                0x080015c4       0x34 ./Core/Src/mfxstm32l152.o
                0x080015c4                MFXSTM32L152_IO_InitPin
 .text.MFXSTM32L152_IO_SetIrqEvtMode
                0x080015f8       0x34 ./Core/Src/mfxstm32l152.o
                0x080015f8                MFXSTM32L152_IO_SetIrqEvtMode
 .text.MFXSTM32L152_IO_SetIrqTypeMode
                0x0800162c       0x34 ./Core/Src/mfxstm32l152.o
                0x0800162c                MFXSTM32L152_IO_SetIrqTypeMode
 .text.MFXSTM32L152_IO_WritePin
                0x08001660       0x54 ./Core/Src/mfxstm32l152.o
                0x08001660                MFXSTM32L152_IO_WritePin
 .text.MFXSTM32L152_IO_ReadPin
                0x080016b4       0x8c ./Core/Src/mfxstm32l152.o
                0x080016b4                MFXSTM32L152_IO_ReadPin
 .text.MFXSTM32L152_IO_EnableIT
                0x08001740       0x2a ./Core/Src/mfxstm32l152.o
                0x08001740                MFXSTM32L152_IO_EnableIT
 .text.MFXSTM32L152_IO_DisableIT
                0x0800176a       0x2a ./Core/Src/mfxstm32l152.o
                0x0800176a                MFXSTM32L152_IO_DisableIT
 .text.MFXSTM32L152_IO_EnablePinIT
                0x08001794       0x30 ./Core/Src/mfxstm32l152.o
                0x08001794                MFXSTM32L152_IO_EnablePinIT
 .text.MFXSTM32L152_IO_DisablePinIT
                0x080017c4       0x30 ./Core/Src/mfxstm32l152.o
                0x080017c4                MFXSTM32L152_IO_DisablePinIT
 .text.MFXSTM32L152_IO_ITStatus
                0x080017f4       0x8c ./Core/Src/mfxstm32l152.o
                0x080017f4                MFXSTM32L152_IO_ITStatus
 .text.MFXSTM32L152_IO_ClearIT
                0x08001880       0x9a ./Core/Src/mfxstm32l152.o
                0x08001880                MFXSTM32L152_IO_ClearIT
 *fill*         0x0800191a        0x2 
 .text.MFXSTM32L152_RegisterBusIO
                0x0800191c       0x84 ./Core/Src/mfxstm32l152.o
                0x0800191c                MFXSTM32L152_RegisterBusIO
 .text.MFXSTM32L152_reg24_setPinValue
                0x080019a0      0x17a ./Core/Src/mfxstm32l152.o
 .text.MFXSTM32L152_ReadRegWrap
                0x08001b1a       0x32 ./Core/Src/mfxstm32l152.o
 .text.MFXSTM32L152_WriteRegWrap
                0x08001b4c       0x32 ./Core/Src/mfxstm32l152.o
 .text.mfxstm32l152_read_reg
                0x08001b7e       0x2e ./Core/Src/mfxstm32l152_reg.o
                0x08001b7e                mfxstm32l152_read_reg
 .text.mfxstm32l152_write_reg
                0x08001bac       0x2e ./Core/Src/mfxstm32l152_reg.o
                0x08001bac                mfxstm32l152_write_reg
 *fill*         0x08001bda        0x2 
 .text.BSP_LED_Init
                0x08001bdc       0xd8 ./Core/Src/stm32h7b3i_eval.o
                0x08001bdc                BSP_LED_Init
 .text.BSP_LED_On
                0x08001cb4       0x58 ./Core/Src/stm32h7b3i_eval.o
                0x08001cb4                BSP_LED_On
 .text.BSP_LED_Toggle
                0x08001d0c       0x54 ./Core/Src/stm32h7b3i_eval.o
                0x08001d0c                BSP_LED_Toggle
 .text.BSP_I2C2_Init
                0x08001d60       0x74 ./Core/Src/stm32h7b3i_eval_bus.o
                0x08001d60                BSP_I2C2_Init
 .text.BSP_I2C2_DeInit
                0x08001dd4       0x48 ./Core/Src/stm32h7b3i_eval_bus.o
                0x08001dd4                BSP_I2C2_DeInit
 .text.MX_I2C2_Init
                0x08001e1c       0x84 ./Core/Src/stm32h7b3i_eval_bus.o
                0x08001e1c                MX_I2C2_Init
 .text.BSP_I2C2_WriteReg
                0x08001ea0       0x5c ./Core/Src/stm32h7b3i_eval_bus.o
                0x08001ea0                BSP_I2C2_WriteReg
 .text.BSP_I2C2_ReadReg
                0x08001efc       0x5c ./Core/Src/stm32h7b3i_eval_bus.o
                0x08001efc                BSP_I2C2_ReadReg
 .text.BSP_GetTick
                0x08001f58        0xe ./Core/Src/stm32h7b3i_eval_bus.o
                0x08001f58                BSP_GetTick
 *fill*         0x08001f66        0x2 
 .text.I2C_GetTiming
                0x08001f68      0x100 ./Core/Src/stm32h7b3i_eval_bus.o
 .text.I2C_Compute_PRESC_SCLDEL_SDADEL
                0x08002068      0x1dc ./Core/Src/stm32h7b3i_eval_bus.o
 .text.I2C_Compute_SCLL_SCLH
                0x08002244      0x210 ./Core/Src/stm32h7b3i_eval_bus.o
 .text.I2C2_MspInit
                0x08002454       0xd4 ./Core/Src/stm32h7b3i_eval_bus.o
 .text.I2C2_MspDeInit
                0x08002528       0x44 ./Core/Src/stm32h7b3i_eval_bus.o
 .text.I2C2_WriteReg
                0x0800256c       0x4c ./Core/Src/stm32h7b3i_eval_bus.o
 .text.I2C2_ReadReg
                0x080025b8       0x4c ./Core/Src/stm32h7b3i_eval_bus.o
 .text.BSP_IOEXPANDER_Init
                0x08002604       0x74 ./Core/Src/stm32h7b3i_eval_io.o
                0x08002604                BSP_IOEXPANDER_Init
 .text.BSP_IO_Init
                0x08002678       0xc0 ./Core/Src/stm32h7b3i_eval_io.o
                0x08002678                BSP_IO_Init
 .text.BSP_IO_WritePin
                0x08002738       0x64 ./Core/Src/stm32h7b3i_eval_io.o
                0x08002738                BSP_IO_WritePin
 .text.BSP_IO_TogglePin
                0x0800279c       0x9c ./Core/Src/stm32h7b3i_eval_io.o
                0x0800279c                BSP_IO_TogglePin
 .text.BSP_IOEXPANDER_ITConfig
                0x08002838       0xb0 ./Core/Src/stm32h7b3i_eval_io.o
                0x08002838                BSP_IOEXPANDER_ITConfig
 .text.BSP_IO_Callback
                0x080028e8       0x14 ./Core/Src/stm32h7b3i_eval_io.o
                0x080028e8                BSP_IO_Callback
 .text.MFXSTM32L152_Probe
                0x080028fc       0xc4 ./Core/Src/stm32h7b3i_eval_io.o
 .text.IO_EXTI_Callback
                0x080029c0        0xe ./Core/Src/stm32h7b3i_eval_io.o
 *fill*         0x080029ce        0x2 
 .text.HAL_MspInit
                0x080029d0       0x34 ./Core/Src/stm32h7xx_hal_msp.o
                0x080029d0                HAL_MspInit
 .text.HAL_UART_MspInit
                0x08002a04       0xf4 ./Core/Src/stm32h7xx_hal_msp.o
                0x08002a04                HAL_UART_MspInit
 .text.NMI_Handler
                0x08002af8        0xe ./Core/Src/stm32h7xx_it.o
                0x08002af8                NMI_Handler
 .text.HardFault_Handler
                0x08002b06        0x8 ./Core/Src/stm32h7xx_it.o
                0x08002b06                HardFault_Handler
 .text.MemManage_Handler
                0x08002b0e        0x8 ./Core/Src/stm32h7xx_it.o
                0x08002b0e                MemManage_Handler
 .text.BusFault_Handler
                0x08002b16        0x8 ./Core/Src/stm32h7xx_it.o
                0x08002b16                BusFault_Handler
 .text.UsageFault_Handler
                0x08002b1e        0x8 ./Core/Src/stm32h7xx_it.o
                0x08002b1e                UsageFault_Handler
 .text.SVC_Handler
                0x08002b26        0xe ./Core/Src/stm32h7xx_it.o
                0x08002b26                SVC_Handler
 .text.DebugMon_Handler
                0x08002b34        0xe ./Core/Src/stm32h7xx_it.o
                0x08002b34                DebugMon_Handler
 .text.PendSV_Handler
                0x08002b42        0xe ./Core/Src/stm32h7xx_it.o
                0x08002b42                PendSV_Handler
 .text.SysTick_Handler
                0x08002b50        0xc ./Core/Src/stm32h7xx_it.o
                0x08002b50                SysTick_Handler
 .text.OTG_HS_IRQHandler
                0x08002b5c       0x14 ./Core/Src/stm32h7xx_it.o
                0x08002b5c                OTG_HS_IRQHandler
 .text._read    0x08002b70       0x3a ./Core/Src/syscalls.o
                0x08002b70                _read
 .text._write   0x08002baa       0x6a ./Core/Src/syscalls.o
                0x08002baa                _write
 .text._close   0x08002c14       0x18 ./Core/Src/syscalls.o
                0x08002c14                _close
 .text._fstat   0x08002c2c       0x20 ./Core/Src/syscalls.o
                0x08002c2c                _fstat
 .text._isatty  0x08002c4c       0x16 ./Core/Src/syscalls.o
                0x08002c4c                _isatty
 .text._lseek   0x08002c62       0x1a ./Core/Src/syscalls.o
                0x08002c62                _lseek
 .text._sbrk    0x08002c7c       0x6c ./Core/Src/sysmem.o
                0x08002c7c                _sbrk
 .text.SystemInit
                0x08002ce8      0x120 ./Core/Src/system_stm32h7xx.o
                0x08002ce8                SystemInit
 .text.ExitRun0Mode
                0x08002e08       0x30 ./Core/Src/system_stm32h7xx.o
                0x08002e08                ExitRun0Mode
 .text.Reset_Handler
                0x08002e38       0x54 ./Core/Startup/startup_stm32h7b3lihxq.o
                0x08002e38                Reset_Handler
 .text.Default_Handler
                0x08002e8c        0x2 ./Core/Startup/startup_stm32h7b3lihxq.o
                0x08002e8c                RTC_Alarm_IRQHandler
                0x08002e8c                HASH_RNG_IRQHandler
                0x08002e8c                EXTI2_IRQHandler
                0x08002e8c                TIM8_CC_IRQHandler
                0x08002e8c                UART8_IRQHandler
                0x08002e8c                BDMA2_Channel1_IRQHandler
                0x08002e8c                SPI4_IRQHandler
                0x08002e8c                BDMA2_Channel0_IRQHandler
                0x08002e8c                TIM1_CC_IRQHandler
                0x08002e8c                DMA2_Stream5_IRQHandler
                0x08002e8c                JPEG_IRQHandler
                0x08002e8c                DMA1_Stream5_IRQHandler
                0x08002e8c                EXTI3_IRQHandler
                0x08002e8c                LPTIM4_IRQHandler
                0x08002e8c                TIM8_TRG_COM_TIM14_IRQHandler
                0x08002e8c                LPTIM2_IRQHandler
                0x08002e8c                DFSDM1_FLT1_IRQHandler
                0x08002e8c                DMAMUX2_OVR_IRQHandler
                0x08002e8c                GFXMMU_IRQHandler
                0x08002e8c                TIM8_UP_TIM13_IRQHandler
                0x08002e8c                I2C3_ER_IRQHandler
                0x08002e8c                DFSDM1_FLT2_IRQHandler
                0x08002e8c                USART10_IRQHandler
                0x08002e8c                MDMA_IRQHandler
                0x08002e8c                LPTIM3_IRQHandler
                0x08002e8c                BDMA2_Channel3_IRQHandler
                0x08002e8c                HSEM1_IRQHandler
                0x08002e8c                EXTI0_IRQHandler
                0x08002e8c                I2C2_EV_IRQHandler
                0x08002e8c                DAC2_IRQHandler
                0x08002e8c                DMA1_Stream2_IRQHandler
                0x08002e8c                FPU_IRQHandler
                0x08002e8c                OTG_HS_WKUP_IRQHandler
                0x08002e8c                FDCAN1_IT1_IRQHandler
                0x08002e8c                LTDC_ER_IRQHandler
                0x08002e8c                DMA2_Stream2_IRQHandler
                0x08002e8c                SPI1_IRQHandler
                0x08002e8c                OCTOSPI1_IRQHandler
                0x08002e8c                TIM6_DAC_IRQHandler
                0x08002e8c                BDMA2_Channel6_IRQHandler
                0x08002e8c                DMA2_Stream3_IRQHandler
                0x08002e8c                OCTOSPI2_IRQHandler
                0x08002e8c                SAI2_IRQHandler
                0x08002e8c                BDMA1_IRQHandler
                0x08002e8c                DFSDM1_FLT3_IRQHandler
                0x08002e8c                USART6_IRQHandler
                0x08002e8c                TIM17_IRQHandler
                0x08002e8c                USART3_IRQHandler
                0x08002e8c                CRYP_IRQHandler
                0x08002e8c                LPTIM5_IRQHandler
                0x08002e8c                UART5_IRQHandler
                0x08002e8c                DMA2_Stream0_IRQHandler
                0x08002e8c                TIM4_IRQHandler
                0x08002e8c                I2C1_EV_IRQHandler
                0x08002e8c                DMA1_Stream6_IRQHandler
                0x08002e8c                DMAMUX1_OVR_IRQHandler
                0x08002e8c                DMA1_Stream1_IRQHandler
                0x08002e8c                TIM16_IRQHandler
                0x08002e8c                UART4_IRQHandler
                0x08002e8c                TIM3_IRQHandler
                0x08002e8c                RCC_IRQHandler
                0x08002e8c                UART9_IRQHandler
                0x08002e8c                TIM8_BRK_TIM12_IRQHandler
                0x08002e8c                TIM1_TRG_COM_IRQHandler
                0x08002e8c                Default_Handler
                0x08002e8c                ECC_IRQHandler
                0x08002e8c                BDMA2_Channel2_IRQHandler
                0x08002e8c                CEC_IRQHandler
                0x08002e8c                EXTI15_10_IRQHandler
                0x08002e8c                DFSDM1_FLT4_IRQHandler
                0x08002e8c                ADC_IRQHandler
                0x08002e8c                OTFDEC1_IRQHandler
                0x08002e8c                DMA1_Stream7_IRQHandler
                0x08002e8c                SPI5_IRQHandler
                0x08002e8c                TIM7_IRQHandler
                0x08002e8c                SDMMC1_IRQHandler
                0x08002e8c                TIM5_IRQHandler
                0x08002e8c                DMA2_Stream7_IRQHandler
                0x08002e8c                TIM15_IRQHandler
                0x08002e8c                I2C3_EV_IRQHandler
                0x08002e8c                DFSDM2_IRQHandler
                0x08002e8c                EXTI9_5_IRQHandler
                0x08002e8c                RTC_WKUP_IRQHandler
                0x08002e8c                LTDC_IRQHandler
                0x08002e8c                SPDIF_RX_IRQHandler
                0x08002e8c                PVD_PVM_IRQHandler
                0x08002e8c                SPI2_IRQHandler
                0x08002e8c                OTG_HS_EP1_IN_IRQHandler
                0x08002e8c                DFSDM1_FLT5_IRQHandler
                0x08002e8c                DMA1_Stream0_IRQHandler
                0x08002e8c                OTFDEC2_IRQHandler
                0x08002e8c                CRS_IRQHandler
                0x08002e8c                EXTI4_IRQHandler
                0x08002e8c                DFSDM1_FLT6_IRQHandler
                0x08002e8c                FDCAN2_IT1_IRQHandler
                0x08002e8c                COMP_IRQHandler
                0x08002e8c                TIM1_UP_IRQHandler
                0x08002e8c                OTG_HS_EP1_OUT_IRQHandler
                0x08002e8c                WWDG_IRQHandler
                0x08002e8c                SPI6_IRQHandler
                0x08002e8c                MDIOS_IRQHandler
                0x08002e8c                I2C4_EV_IRQHandler
                0x08002e8c                FDCAN2_IT0_IRQHandler
                0x08002e8c                LPUART1_IRQHandler
                0x08002e8c                FDCAN1_IT0_IRQHandler
                0x08002e8c                TIM2_IRQHandler
                0x08002e8c                BDMA2_Channel5_IRQHandler
                0x08002e8c                DMA2D_IRQHandler
                0x08002e8c                TIM1_BRK_IRQHandler
                0x08002e8c                EXTI1_IRQHandler
                0x08002e8c                SDMMC2_IRQHandler
                0x08002e8c                DTS_IRQHandler
                0x08002e8c                UART7_IRQHandler
                0x08002e8c                MDIOS_WKUP_IRQHandler
                0x08002e8c                USART2_IRQHandler
                0x08002e8c                DFSDM1_FLT0_IRQHandler
                0x08002e8c                I2C2_ER_IRQHandler
                0x08002e8c                DMA2_Stream1_IRQHandler
                0x08002e8c                DFSDM1_FLT7_IRQHandler
                0x08002e8c                FLASH_IRQHandler
                0x08002e8c                DMA2_Stream4_IRQHandler
                0x08002e8c                USART1_IRQHandler
                0x08002e8c                SPI3_IRQHandler
                0x08002e8c                WAKEUP_PIN_IRQHandler
                0x08002e8c                DMA1_Stream4_IRQHandler
                0x08002e8c                I2C1_ER_IRQHandler
                0x08002e8c                FMC_IRQHandler
                0x08002e8c                BDMA2_Channel7_IRQHandler
                0x08002e8c                FDCAN_CAL_IRQHandler
                0x08002e8c                SWPMI1_IRQHandler
                0x08002e8c                LPTIM1_IRQHandler
                0x08002e8c                DCMI_PSSI_IRQHandler
                0x08002e8c                I2C4_ER_IRQHandler
                0x08002e8c                DMA2_Stream6_IRQHandler
                0x08002e8c                SAI1_IRQHandler
                0x08002e8c                DMA1_Stream3_IRQHandler
                0x08002e8c                RTC_TAMP_STAMP_CSS_LSE_IRQHandler
                0x08002e8c                BDMA2_Channel4_IRQHandler
 .text.HAL_UART_Init
                0x08002e8e       0xa0 ./Drivers/STM32H7xx_HAL_Driver/Inc/stm32h7xx_hal_uart.o
                0x08002e8e                HAL_UART_Init
 .text.HAL_UART_Transmit
                0x08002f2e      0x11c ./Drivers/STM32H7xx_HAL_Driver/Inc/stm32h7xx_hal_uart.o
                0x08002f2e                HAL_UART_Transmit
 *fill*         0x0800304a        0x2 
 .text.UART_SetConfig
                0x0800304c      0xcd8 ./Drivers/STM32H7xx_HAL_Driver/Inc/stm32h7xx_hal_uart.o
                0x0800304c                UART_SetConfig
 .text.UART_AdvFeatureConfig
                0x08003d24      0x144 ./Drivers/STM32H7xx_HAL_Driver/Inc/stm32h7xx_hal_uart.o
                0x08003d24                UART_AdvFeatureConfig
 .text.UART_CheckIdleState
                0x08003e68      0x154 ./Drivers/STM32H7xx_HAL_Driver/Inc/stm32h7xx_hal_uart.o
                0x08003e68                UART_CheckIdleState
 .text.UART_WaitOnFlagUntilTimeout
                0x08003fbc       0xda ./Drivers/STM32H7xx_HAL_Driver/Inc/stm32h7xx_hal_uart.o
                0x08003fbc                UART_WaitOnFlagUntilTimeout
 *fill*         0x08004096        0x2 
 .text.UART_EndRxTransfer
                0x08004098       0xcc ./Drivers/STM32H7xx_HAL_Driver/Inc/stm32h7xx_hal_uart.o
 .text.HAL_Init
                0x08004164       0x78 ./Drivers/STM32H7xx_HAL_Driver/Src/stm32h7xx_hal.o
                0x08004164                HAL_Init
 .text.HAL_InitTick
                0x080041dc       0x6c ./Drivers/STM32H7xx_HAL_Driver/Src/stm32h7xx_hal.o
                0x080041dc                HAL_InitTick
 .text.HAL_IncTick
                0x08004248       0x28 ./Drivers/STM32H7xx_HAL_Driver/Src/stm32h7xx_hal.o
                0x08004248                HAL_IncTick
 .text.HAL_GetTick
                0x08004270       0x18 ./Drivers/STM32H7xx_HAL_Driver/Src/stm32h7xx_hal.o
                0x08004270                HAL_GetTick
 .text.HAL_Delay
                0x08004288       0x48 ./Drivers/STM32H7xx_HAL_Driver/Src/stm32h7xx_hal.o
                0x08004288                HAL_Delay
 .text.__NVIC_SetPriorityGrouping
                0x080042d0       0x48 ./Drivers/STM32H7xx_HAL_Driver/Src/stm32h7xx_hal_cortex.o
 .text.__NVIC_GetPriorityGrouping
                0x08004318       0x1c ./Drivers/STM32H7xx_HAL_Driver/Src/stm32h7xx_hal_cortex.o
 .text.__NVIC_EnableIRQ
                0x08004334       0x3c ./Drivers/STM32H7xx_HAL_Driver/Src/stm32h7xx_hal_cortex.o
 .text.__NVIC_SetPriority
                0x08004370       0x54 ./Drivers/STM32H7xx_HAL_Driver/Src/stm32h7xx_hal_cortex.o
 .text.NVIC_EncodePriority
                0x080043c4       0x66 ./Drivers/STM32H7xx_HAL_Driver/Src/stm32h7xx_hal_cortex.o
 *fill*         0x0800442a        0x2 
 .text.SysTick_Config
                0x0800442c       0x44 ./Drivers/STM32H7xx_HAL_Driver/Src/stm32h7xx_hal_cortex.o
 .text.HAL_NVIC_SetPriorityGrouping
                0x08004470       0x16 ./Drivers/STM32H7xx_HAL_Driver/Src/stm32h7xx_hal_cortex.o
                0x08004470                HAL_NVIC_SetPriorityGrouping
 .text.HAL_NVIC_SetPriority
                0x08004486       0x34 ./Drivers/STM32H7xx_HAL_Driver/Src/stm32h7xx_hal_cortex.o
                0x08004486                HAL_NVIC_SetPriority
 .text.HAL_NVIC_EnableIRQ
                0x080044ba       0x1c ./Drivers/STM32H7xx_HAL_Driver/Src/stm32h7xx_hal_cortex.o
                0x080044ba                HAL_NVIC_EnableIRQ
 .text.HAL_SYSTICK_Config
                0x080044d6       0x18 ./Drivers/STM32H7xx_HAL_Driver/Src/stm32h7xx_hal_cortex.o
                0x080044d6                HAL_SYSTICK_Config
 *fill*         0x080044ee        0x2 
 .text.HAL_MPU_Disable
                0x080044f0       0x30 ./Drivers/STM32H7xx_HAL_Driver/Src/stm32h7xx_hal_cortex.o
                0x080044f0                HAL_MPU_Disable
 .text.HAL_MPU_Enable
                0x08004520       0x40 ./Drivers/STM32H7xx_HAL_Driver/Src/stm32h7xx_hal_cortex.o
                0x08004520                HAL_MPU_Enable
 .text.HAL_MPU_ConfigRegion
                0x08004560       0x80 ./Drivers/STM32H7xx_HAL_Driver/Src/stm32h7xx_hal_cortex.o
                0x08004560                HAL_MPU_ConfigRegion
 .text.HAL_EXTI_RegisterCallback
                0x080045e0       0x3e ./Drivers/STM32H7xx_HAL_Driver/Src/stm32h7xx_hal_exti.o
                0x080045e0                HAL_EXTI_RegisterCallback
 .text.HAL_EXTI_GetHandle
                0x0800461e       0x28 ./Drivers/STM32H7xx_HAL_Driver/Src/stm32h7xx_hal_exti.o
                0x0800461e                HAL_EXTI_GetHandle
 *fill*         0x08004646        0x2 
 .text.HAL_GPIO_Init
                0x08004648      0x360 ./Drivers/STM32H7xx_HAL_Driver/Src/stm32h7xx_hal_gpio.o
                0x08004648                HAL_GPIO_Init
 .text.HAL_GPIO_DeInit
                0x080049a8      0x214 ./Drivers/STM32H7xx_HAL_Driver/Src/stm32h7xx_hal_gpio.o
                0x080049a8                HAL_GPIO_DeInit
 .text.HAL_GPIO_WritePin
                0x08004bbc       0x32 ./Drivers/STM32H7xx_HAL_Driver/Src/stm32h7xx_hal_gpio.o
                0x08004bbc                HAL_GPIO_WritePin
 .text.HAL_GPIO_TogglePin
                0x08004bee       0x34 ./Drivers/STM32H7xx_HAL_Driver/Src/stm32h7xx_hal_gpio.o
                0x08004bee                HAL_GPIO_TogglePin
 .text.HAL_HCD_Init
                0x08004c22       0xba ./Drivers/STM32H7xx_HAL_Driver/Src/stm32h7xx_hal_hcd.o
                0x08004c22                HAL_HCD_Init
 .text.HAL_HCD_HC_Init
                0x08004cdc      0x170 ./Drivers/STM32H7xx_HAL_Driver/Src/stm32h7xx_hal_hcd.o
                0x08004cdc                HAL_HCD_HC_Init
 .text.HAL_HCD_HC_Halt
                0x08004e4c       0x46 ./Drivers/STM32H7xx_HAL_Driver/Src/stm32h7xx_hal_hcd.o
                0x08004e4c                HAL_HCD_HC_Halt
 *fill*         0x08004e92        0x2 
 .text.HAL_HCD_HC_SubmitRequest
                0x08004e94      0x33c ./Drivers/STM32H7xx_HAL_Driver/Src/stm32h7xx_hal_hcd.o
                0x08004e94                HAL_HCD_HC_SubmitRequest
 .text.HAL_HCD_IRQHandler
                0x080051d0      0x220 ./Drivers/STM32H7xx_HAL_Driver/Src/stm32h7xx_hal_hcd.o
                0x080051d0                HAL_HCD_IRQHandler
 .text.HAL_HCD_Start
                0x080053f0       0x46 ./Drivers/STM32H7xx_HAL_Driver/Src/stm32h7xx_hal_hcd.o
                0x080053f0                HAL_HCD_Start
 .text.HAL_HCD_Stop
                0x08005436       0x3a ./Drivers/STM32H7xx_HAL_Driver/Src/stm32h7xx_hal_hcd.o
                0x08005436                HAL_HCD_Stop
 .text.HAL_HCD_ResetPort
                0x08005470       0x1c ./Drivers/STM32H7xx_HAL_Driver/Src/stm32h7xx_hal_hcd.o
                0x08005470                HAL_HCD_ResetPort
 .text.HAL_HCD_HC_GetURBState
                0x0800548c       0x2a ./Drivers/STM32H7xx_HAL_Driver/Src/stm32h7xx_hal_hcd.o
                0x0800548c                HAL_HCD_HC_GetURBState
 .text.HAL_HCD_GetCurrentFrame
                0x080054b6       0x1c ./Drivers/STM32H7xx_HAL_Driver/Src/stm32h7xx_hal_hcd.o
                0x080054b6                HAL_HCD_GetCurrentFrame
 .text.HAL_HCD_GetCurrentSpeed
                0x080054d2       0x1c ./Drivers/STM32H7xx_HAL_Driver/Src/stm32h7xx_hal_hcd.o
                0x080054d2                HAL_HCD_GetCurrentSpeed
 .text.HAL_HCD_HC_ClearHubInfo
                0x080054ee       0x6a ./Drivers/STM32H7xx_HAL_Driver/Src/stm32h7xx_hal_hcd.o
                0x080054ee                HAL_HCD_HC_ClearHubInfo
 .text.HCD_HC_IN_IRQHandler
                0x08005558      0xcd2 ./Drivers/STM32H7xx_HAL_Driver/Src/stm32h7xx_hal_hcd.o
 .text.HCD_HC_OUT_IRQHandler
                0x0800622a      0x97e ./Drivers/STM32H7xx_HAL_Driver/Src/stm32h7xx_hal_hcd.o
 .text.HCD_RXQLVL_IRQHandler
                0x08006ba8      0x1be ./Drivers/STM32H7xx_HAL_Driver/Src/stm32h7xx_hal_hcd.o
 .text.HCD_Port_IRQHandler
                0x08006d66       0xe6 ./Drivers/STM32H7xx_HAL_Driver/Src/stm32h7xx_hal_hcd.o
 .text.HAL_I2C_Init
                0x08006e4c      0x138 ./Drivers/STM32H7xx_HAL_Driver/Src/stm32h7xx_hal_i2c.o
                0x08006e4c                HAL_I2C_Init
 .text.HAL_I2C_DeInit
                0x08006f84       0x5e ./Drivers/STM32H7xx_HAL_Driver/Src/stm32h7xx_hal_i2c.o
                0x08006f84                HAL_I2C_DeInit
 .text.HAL_I2C_MspInit
                0x08006fe2       0x14 ./Drivers/STM32H7xx_HAL_Driver/Src/stm32h7xx_hal_i2c.o
                0x08006fe2                HAL_I2C_MspInit
 .text.HAL_I2C_MspDeInit
                0x08006ff6       0x14 ./Drivers/STM32H7xx_HAL_Driver/Src/stm32h7xx_hal_i2c.o
                0x08006ff6                HAL_I2C_MspDeInit
 *fill*         0x0800700a        0x2 
 .text.HAL_I2C_Mem_Write
                0x0800700c      0x228 ./Drivers/STM32H7xx_HAL_Driver/Src/stm32h7xx_hal_i2c.o
                0x0800700c                HAL_I2C_Mem_Write
 .text.HAL_I2C_Mem_Read
                0x08007234      0x234 ./Drivers/STM32H7xx_HAL_Driver/Src/stm32h7xx_hal_i2c.o
                0x08007234                HAL_I2C_Mem_Read
 .text.HAL_I2C_GetState
                0x08007468       0x1c ./Drivers/STM32H7xx_HAL_Driver/Src/stm32h7xx_hal_i2c.o
                0x08007468                HAL_I2C_GetState
 .text.HAL_I2C_GetError
                0x08007484       0x18 ./Drivers/STM32H7xx_HAL_Driver/Src/stm32h7xx_hal_i2c.o
                0x08007484                HAL_I2C_GetError
 .text.I2C_RequestMemoryWrite
                0x0800749c       0xa8 ./Drivers/STM32H7xx_HAL_Driver/Src/stm32h7xx_hal_i2c.o
 .text.I2C_RequestMemoryRead
                0x08007544       0xa8 ./Drivers/STM32H7xx_HAL_Driver/Src/stm32h7xx_hal_i2c.o
 .text.I2C_Flush_TXDR
                0x080075ec       0x48 ./Drivers/STM32H7xx_HAL_Driver/Src/stm32h7xx_hal_i2c.o
 .text.I2C_WaitOnFlagUntilTimeout
                0x08007634       0xb2 ./Drivers/STM32H7xx_HAL_Driver/Src/stm32h7xx_hal_i2c.o
 .text.I2C_WaitOnTXISFlagUntilTimeout
                0x080076e6       0x8e ./Drivers/STM32H7xx_HAL_Driver/Src/stm32h7xx_hal_i2c.o
 .text.I2C_WaitOnSTOPFlagUntilTimeout
                0x08007774       0x86 ./Drivers/STM32H7xx_HAL_Driver/Src/stm32h7xx_hal_i2c.o
 *fill*         0x080077fa        0x2 
 .text.I2C_IsErrorOccurred
                0x080077fc      0x1c0 ./Drivers/STM32H7xx_HAL_Driver/Src/stm32h7xx_hal_i2c.o
 .text.I2C_TransferConfig
                0x080079bc       0x64 ./Drivers/STM32H7xx_HAL_Driver/Src/stm32h7xx_hal_i2c.o
 .text.HAL_I2CEx_ConfigAnalogFilter
                0x08007a20       0x96 ./Drivers/STM32H7xx_HAL_Driver/Src/stm32h7xx_hal_i2c_ex.o
                0x08007a20                HAL_I2CEx_ConfigAnalogFilter
 .text.HAL_I2CEx_ConfigDigitalFilter
                0x08007ab6       0x98 ./Drivers/STM32H7xx_HAL_Driver/Src/stm32h7xx_hal_i2c_ex.o
                0x08007ab6                HAL_I2CEx_ConfigDigitalFilter
 *fill*         0x08007b4e        0x2 
 .text.HAL_PWREx_EnableUSBVoltageDetector
                0x08007b50       0x20 ./Drivers/STM32H7xx_HAL_Driver/Src/stm32h7xx_hal_pwr_ex.o
                0x08007b50                HAL_PWREx_EnableUSBVoltageDetector
 .text.HAL_RCC_OscConfig
                0x08007b70      0x864 ./Drivers/STM32H7xx_HAL_Driver/Src/stm32h7xx_hal_rcc.o
                0x08007b70                HAL_RCC_OscConfig
 .text.HAL_RCC_ClockConfig
                0x080083d4      0x36c ./Drivers/STM32H7xx_HAL_Driver/Src/stm32h7xx_hal_rcc.o
                0x080083d4                HAL_RCC_ClockConfig
 .text.HAL_RCC_GetSysClockFreq
                0x08008740      0x2f4 ./Drivers/STM32H7xx_HAL_Driver/Src/stm32h7xx_hal_rcc.o
                0x08008740                HAL_RCC_GetSysClockFreq
 .text.HAL_RCC_GetHCLKFreq
                0x08008a34       0x60 ./Drivers/STM32H7xx_HAL_Driver/Src/stm32h7xx_hal_rcc.o
                0x08008a34                HAL_RCC_GetHCLKFreq
 .text.HAL_RCC_GetPCLK1Freq
                0x08008a94       0x2c ./Drivers/STM32H7xx_HAL_Driver/Src/stm32h7xx_hal_rcc.o
                0x08008a94                HAL_RCC_GetPCLK1Freq
 .text.HAL_RCC_GetPCLK2Freq
                0x08008ac0       0x2c ./Drivers/STM32H7xx_HAL_Driver/Src/stm32h7xx_hal_rcc.o
                0x08008ac0                HAL_RCC_GetPCLK2Freq
 .text.HAL_RCCEx_PeriphCLKConfig
                0x08008aec     0x137c ./Drivers/STM32H7xx_HAL_Driver/Src/stm32h7xx_hal_rcc_ex.o
                0x08008aec                HAL_RCCEx_PeriphCLKConfig
 .text.HAL_RCCEx_GetD3PCLK1Freq
                0x08009e68       0x2c ./Drivers/STM32H7xx_HAL_Driver/Src/stm32h7xx_hal_rcc_ex.o
                0x08009e68                HAL_RCCEx_GetD3PCLK1Freq
 .text.HAL_RCCEx_GetPLL2ClockFreq
                0x08009e94      0x2a8 ./Drivers/STM32H7xx_HAL_Driver/Src/stm32h7xx_hal_rcc_ex.o
                0x08009e94                HAL_RCCEx_GetPLL2ClockFreq
 .text.HAL_RCCEx_GetPLL3ClockFreq
                0x0800a13c      0x2a8 ./Drivers/STM32H7xx_HAL_Driver/Src/stm32h7xx_hal_rcc_ex.o
                0x0800a13c                HAL_RCCEx_GetPLL3ClockFreq
 .text.RCCEx_PLL2_Config
                0x0800a3e4      0x164 ./Drivers/STM32H7xx_HAL_Driver/Src/stm32h7xx_hal_rcc_ex.o
 .text.RCCEx_PLL3_Config
                0x0800a548      0x164 ./Drivers/STM32H7xx_HAL_Driver/Src/stm32h7xx_hal_rcc_ex.o
 .text.USB_CoreInit
                0x0800a6ac       0xe4 ./Drivers/STM32H7xx_HAL_Driver/Src/stm32h7xx_ll_usb.o
                0x0800a6ac                USB_CoreInit
 .text.USB_EnableGlobalInt
                0x0800a790       0x22 ./Drivers/STM32H7xx_HAL_Driver/Src/stm32h7xx_ll_usb.o
                0x0800a790                USB_EnableGlobalInt
 .text.USB_DisableGlobalInt
                0x0800a7b2       0x22 ./Drivers/STM32H7xx_HAL_Driver/Src/stm32h7xx_ll_usb.o
                0x0800a7b2                USB_DisableGlobalInt
 .text.USB_SetCurrentMode
                0x0800a7d4       0x98 ./Drivers/STM32H7xx_HAL_Driver/Src/stm32h7xx_ll_usb.o
                0x0800a7d4                USB_SetCurrentMode
 .text.USB_FlushTxFifo
                0x0800a86c       0x64 ./Drivers/STM32H7xx_HAL_Driver/Src/stm32h7xx_ll_usb.o
                0x0800a86c                USB_FlushTxFifo
 .text.USB_FlushRxFifo
                0x0800a8d0       0x5c ./Drivers/STM32H7xx_HAL_Driver/Src/stm32h7xx_ll_usb.o
                0x0800a8d0                USB_FlushRxFifo
 .text.USB_WritePacket
                0x0800a92c       0x7c ./Drivers/STM32H7xx_HAL_Driver/Src/stm32h7xx_ll_usb.o
                0x0800a92c                USB_WritePacket
 .text.USB_ReadPacket
                0x0800a9a8       0xb0 ./Drivers/STM32H7xx_HAL_Driver/Src/stm32h7xx_ll_usb.o
                0x0800a9a8                USB_ReadPacket
 .text.USB_ReadInterrupts
                0x0800aa58       0x26 ./Drivers/STM32H7xx_HAL_Driver/Src/stm32h7xx_ll_usb.o
                0x0800aa58                USB_ReadInterrupts
 .text.USB_ReadChInterrupts
                0x0800aa7e       0x42 ./Drivers/STM32H7xx_HAL_Driver/Src/stm32h7xx_ll_usb.o
                0x0800aa7e                USB_ReadChInterrupts
 .text.USB_GetMode
                0x0800aac0       0x1c ./Drivers/STM32H7xx_HAL_Driver/Src/stm32h7xx_ll_usb.o
                0x0800aac0                USB_GetMode
 .text.USB_CoreReset
                0x0800aadc       0x62 ./Drivers/STM32H7xx_HAL_Driver/Src/stm32h7xx_ll_usb.o
 *fill*         0x0800ab3e        0x2 
 .text.USB_HostInit
                0x0800ab40      0x154 ./Drivers/STM32H7xx_HAL_Driver/Src/stm32h7xx_ll_usb.o
                0x0800ab40                USB_HostInit
 .text.USB_InitFSLSPClkSel
                0x0800ac94       0x7a ./Drivers/STM32H7xx_HAL_Driver/Src/stm32h7xx_ll_usb.o
                0x0800ac94                USB_InitFSLSPClkSel
 .text.USB_ResetPort
                0x0800ad0e       0x54 ./Drivers/STM32H7xx_HAL_Driver/Src/stm32h7xx_ll_usb.o
                0x0800ad0e                USB_ResetPort
 .text.USB_DriveVbus
                0x0800ad62       0x72 ./Drivers/STM32H7xx_HAL_Driver/Src/stm32h7xx_ll_usb.o
                0x0800ad62                USB_DriveVbus
 .text.USB_GetHostSpeed
                0x0800add4       0x2e ./Drivers/STM32H7xx_HAL_Driver/Src/stm32h7xx_ll_usb.o
                0x0800add4                USB_GetHostSpeed
 .text.USB_GetCurrentFrame
                0x0800ae02       0x22 ./Drivers/STM32H7xx_HAL_Driver/Src/stm32h7xx_ll_usb.o
                0x0800ae02                USB_GetCurrentFrame
 .text.USB_HC_Init
                0x0800ae24      0x248 ./Drivers/STM32H7xx_HAL_Driver/Src/stm32h7xx_ll_usb.o
                0x0800ae24                USB_HC_Init
 .text.USB_HC_StartXfer
                0x0800b06c      0x4e0 ./Drivers/STM32H7xx_HAL_Driver/Src/stm32h7xx_ll_usb.o
                0x0800b06c                USB_HC_StartXfer
 .text.USB_HC_ReadInterrupt
                0x0800b54c       0x22 ./Drivers/STM32H7xx_HAL_Driver/Src/stm32h7xx_ll_usb.o
                0x0800b54c                USB_HC_ReadInterrupt
 .text.USB_HC_Halt
                0x0800b56e      0x240 ./Drivers/STM32H7xx_HAL_Driver/Src/stm32h7xx_ll_usb.o
                0x0800b56e                USB_HC_Halt
 *fill*         0x0800b7ae        0x2 
 .text.USB_DoPing
                0x0800b7b0       0x78 ./Drivers/STM32H7xx_HAL_Driver/Src/stm32h7xx_ll_usb.o
                0x0800b7b0                USB_DoPing
 .text.USB_StopHost
                0x0800b828      0x124 ./Drivers/STM32H7xx_HAL_Driver/Src/stm32h7xx_ll_usb.o
                0x0800b828                USB_StopHost
 .text.USBH_AUDIO_InterfaceInit
                0x0800b94c      0x37e ./Middlewares/ST/STM32_USB_Host_Library/Class/AUDIO/Src/usbh_audio.o
 .text.USBH_AUDIO_InterfaceDeInit
                0x0800bcca       0xca ./Middlewares/ST/STM32_USB_Host_Library/Class/AUDIO/Src/usbh_audio.o
 .text.USBH_AUDIO_ClassRequest
                0x0800bd94      0x214 ./Middlewares/ST/STM32_USB_Host_Library/Class/AUDIO/Src/usbh_audio.o
 .text.USBH_AUDIO_CSRequest
                0x0800bfa8      0x1a0 ./Middlewares/ST/STM32_USB_Host_Library/Class/AUDIO/Src/usbh_audio.o
 .text.USBH_AUDIO_HandleCSRequest
                0x0800c148       0x7c ./Middlewares/ST/STM32_USB_Host_Library/Class/AUDIO/Src/usbh_audio.o
 .text.USBH_AUDIO_Process
                0x0800c1c4       0x40 ./Middlewares/ST/STM32_USB_Host_Library/Class/AUDIO/Src/usbh_audio.o
 .text.USBH_AUDIO_SOFProcess
                0x0800c204       0x16 ./Middlewares/ST/STM32_USB_Host_Library/Class/AUDIO/Src/usbh_audio.o
 .text.USBH_AUDIO_FindAudioStreamingIN
                0x0800c21a      0x17e ./Middlewares/ST/STM32_USB_Host_Library/Class/AUDIO/Src/usbh_audio.o
 .text.USBH_AUDIO_FindAudioStreamingOUT
                0x0800c398      0x17e ./Middlewares/ST/STM32_USB_Host_Library/Class/AUDIO/Src/usbh_audio.o
 .text.USBH_AUDIO_FindHIDControl
                0x0800c516      0x104 ./Middlewares/ST/STM32_USB_Host_Library/Class/AUDIO/Src/usbh_audio.o
 .text.USBH_AUDIO_ParseCSDescriptors
                0x0800c61a       0xda ./Middlewares/ST/STM32_USB_Host_Library/Class/AUDIO/Src/usbh_audio.o
 .text.ParseCSDescriptors
                0x0800c6f4      0x134 ./Middlewares/ST/STM32_USB_Host_Library/Class/AUDIO/Src/usbh_audio.o
 .text.USBH_AUDIO_FindLinkedUnit
                0x0800c828      0x168 ./Middlewares/ST/STM32_USB_Host_Library/Class/AUDIO/Src/usbh_audio.o
 .text.USBH_AUDIO_BuildMicrophonePath
                0x0800c990      0x110 ./Middlewares/ST/STM32_USB_Host_Library/Class/AUDIO/Src/usbh_audio.o
 .text.USBH_AUDIO_BuildHeadphonePath
                0x0800caa0      0x184 ./Middlewares/ST/STM32_USB_Host_Library/Class/AUDIO/Src/usbh_audio.o
 .text.USBH_AC_SetCur
                0x0800cc24       0xf4 ./Middlewares/ST/STM32_USB_Host_Library/Class/AUDIO/Src/usbh_audio.o
 .text.USBH_AC_GetCur
                0x0800cd18      0x12e ./Middlewares/ST/STM32_USB_Host_Library/Class/AUDIO/Src/usbh_audio.o
 .text.USBH_AC_GetMax
                0x0800ce46      0x12e ./Middlewares/ST/STM32_USB_Host_Library/Class/AUDIO/Src/usbh_audio.o
 .text.USBH_AC_GetRes
                0x0800cf74      0x12e ./Middlewares/ST/STM32_USB_Host_Library/Class/AUDIO/Src/usbh_audio.o
 .text.USBH_AC_GetMin
                0x0800d0a2      0x12e ./Middlewares/ST/STM32_USB_Host_Library/Class/AUDIO/Src/usbh_audio.o
 .text.USBH_AUDIO_SetEndpointControls
                0x0800d1d0       0x50 ./Middlewares/ST/STM32_USB_Host_Library/Class/AUDIO/Src/usbh_audio.o
 .text.USBH_AUDIO_InputStream
                0x0800d220       0x1a ./Middlewares/ST/STM32_USB_Host_Library/Class/AUDIO/Src/usbh_audio.o
 *fill*         0x0800d23a        0x2 
 .text.USBH_AUDIO_Control
                0x0800d23c      0x168 ./Middlewares/ST/STM32_USB_Host_Library/Class/AUDIO/Src/usbh_audio.o
 .text.USBH_AUDIO_OutputStream
                0x0800d3a4       0xf0 ./Middlewares/ST/STM32_USB_Host_Library/Class/AUDIO/Src/usbh_audio.o
 .text.USBH_AUDIO_Transmit
                0x0800d494      0x168 ./Middlewares/ST/STM32_USB_Host_Library/Class/AUDIO/Src/usbh_audio.o
 .text.USBH_AUDIO_SetFrequency
                0x0800d5fc      0x200 ./Middlewares/ST/STM32_USB_Host_Library/Class/AUDIO/Src/usbh_audio.o
                0x0800d5fc                USBH_AUDIO_SetFrequency
 .text.USBH_AUDIO_Play
                0x0800d7fc       0x60 ./Middlewares/ST/STM32_USB_Host_Library/Class/AUDIO/Src/usbh_audio.o
                0x0800d7fc                USBH_AUDIO_Play
 .text.USBH_AUDIO_SetControlAttribute
                0x0800d85c       0xf8 ./Middlewares/ST/STM32_USB_Host_Library/Class/AUDIO/Src/usbh_audio.o
 .text.AUDIO_SetVolume
                0x0800d954       0x52 ./Middlewares/ST/STM32_USB_Host_Library/Class/AUDIO/Src/usbh_audio.o
 *fill*         0x0800d9a6        0x2 
 .text.USBH_Init
                0x0800d9a8       0x90 ./Middlewares/ST/STM32_USB_Host_Library/Core/Src/usbh_core.o
                0x0800d9a8                USBH_Init
 .text.DeInitStateMachine
                0x0800da38       0xe4 ./Middlewares/ST/STM32_USB_Host_Library/Core/Src/usbh_core.o
 .text.USBH_RegisterClass
                0x0800db1c       0x84 ./Middlewares/ST/STM32_USB_Host_Library/Core/Src/usbh_core.o
                0x0800db1c                USBH_RegisterClass
 .text.USBH_FindInterface
                0x0800dba0       0x8c ./Middlewares/ST/STM32_USB_Host_Library/Core/Src/usbh_core.o
                0x0800dba0                USBH_FindInterface
 .text.USBH_FindInterfaceIndex
                0x0800dc2c       0x66 ./Middlewares/ST/STM32_USB_Host_Library/Core/Src/usbh_core.o
                0x0800dc2c                USBH_FindInterfaceIndex
 .text.USBH_Start
                0x0800dc92       0x20 ./Middlewares/ST/STM32_USB_Host_Library/Core/Src/usbh_core.o
                0x0800dc92                USBH_Start
 *fill*         0x0800dcb2        0x2 
 .text.USBH_Process
                0x0800dcb4      0x4ec ./Middlewares/ST/STM32_USB_Host_Library/Core/Src/usbh_core.o
                0x0800dcb4                USBH_Process
 .text.USBH_HandleEnum
                0x0800e1a0      0x554 ./Middlewares/ST/STM32_USB_Host_Library/Core/Src/usbh_core.o
 .text.USBH_LL_SetTimer
                0x0800e6f4       0x1e ./Middlewares/ST/STM32_USB_Host_Library/Core/Src/usbh_core.o
                0x0800e6f4                USBH_LL_SetTimer
 .text.USBH_LL_IncTimer
                0x0800e712       0x24 ./Middlewares/ST/STM32_USB_Host_Library/Core/Src/usbh_core.o
                0x0800e712                USBH_LL_IncTimer
 .text.USBH_HandleSof
                0x0800e736       0x30 ./Middlewares/ST/STM32_USB_Host_Library/Core/Src/usbh_core.o
 .text.USBH_LL_PortEnabled
                0x0800e766       0x1c ./Middlewares/ST/STM32_USB_Host_Library/Core/Src/usbh_core.o
                0x0800e766                USBH_LL_PortEnabled
 .text.USBH_LL_PortDisabled
                0x0800e782       0x24 ./Middlewares/ST/STM32_USB_Host_Library/Core/Src/usbh_core.o
                0x0800e782                USBH_LL_PortDisabled
 .text.USBH_LL_Connect
                0x0800e7a6       0x2e ./Middlewares/ST/STM32_USB_Host_Library/Core/Src/usbh_core.o
                0x0800e7a6                USBH_LL_Connect
 .text.USBH_LL_Disconnect
                0x0800e7d4       0x48 ./Middlewares/ST/STM32_USB_Host_Library/Core/Src/usbh_core.o
                0x0800e7d4                USBH_LL_Disconnect
 .text.USBH_Get_DevDesc
                0x0800e81c       0x74 ./Middlewares/ST/STM32_USB_Host_Library/Core/Src/usbh_ctlreq.o
                0x0800e81c                USBH_Get_DevDesc
 .text.USBH_Get_CfgDesc
                0x0800e890       0x70 ./Middlewares/ST/STM32_USB_Host_Library/Core/Src/usbh_ctlreq.o
                0x0800e890                USBH_Get_CfgDesc
 .text.USBH_Get_StringDesc
                0x0800e900       0x84 ./Middlewares/ST/STM32_USB_Host_Library/Core/Src/usbh_ctlreq.o
                0x0800e900                USBH_Get_StringDesc
 .text.USBH_GetDescriptor
                0x0800e984       0x6a ./Middlewares/ST/STM32_USB_Host_Library/Core/Src/usbh_ctlreq.o
                0x0800e984                USBH_GetDescriptor
 .text.USBH_SetAddress
                0x0800e9ee       0x48 ./Middlewares/ST/STM32_USB_Host_Library/Core/Src/usbh_ctlreq.o
                0x0800e9ee                USBH_SetAddress
 .text.USBH_SetCfg
                0x0800ea36       0x46 ./Middlewares/ST/STM32_USB_Host_Library/Core/Src/usbh_ctlreq.o
                0x0800ea36                USBH_SetCfg
 .text.USBH_SetInterface
                0x0800ea7c       0x4e ./Middlewares/ST/STM32_USB_Host_Library/Core/Src/usbh_ctlreq.o
                0x0800ea7c                USBH_SetInterface
 .text.USBH_SetFeature
                0x0800eaca       0x48 ./Middlewares/ST/STM32_USB_Host_Library/Core/Src/usbh_ctlreq.o
                0x0800eaca                USBH_SetFeature
 *fill*         0x0800eb12        0x2 
 .text.USBH_ParseDevDesc
                0x0800eb14      0x160 ./Middlewares/ST/STM32_USB_Host_Library/Core/Src/usbh_ctlreq.o
 .text.USBH_ParseCfgDesc
                0x0800ec74      0x1f8 ./Middlewares/ST/STM32_USB_Host_Library/Core/Src/usbh_ctlreq.o
 .text.USBH_ParseInterfaceDesc
                0x0800ee6c       0x5e ./Middlewares/ST/STM32_USB_Host_Library/Core/Src/usbh_ctlreq.o
 .text.USBH_ParseEPDesc
                0x0800eeca      0x1d0 ./Middlewares/ST/STM32_USB_Host_Library/Core/Src/usbh_ctlreq.o
 .text.USBH_ParseStringDesc
                0x0800f09a       0x66 ./Middlewares/ST/STM32_USB_Host_Library/Core/Src/usbh_ctlreq.o
 .text.USBH_GetNextDesc
                0x0800f100       0x34 ./Middlewares/ST/STM32_USB_Host_Library/Core/Src/usbh_ctlreq.o
                0x0800f100                USBH_GetNextDesc
 .text.USBH_CtlReq
                0x0800f134       0x7a ./Middlewares/ST/STM32_USB_Host_Library/Core/Src/usbh_ctlreq.o
                0x0800f134                USBH_CtlReq
 *fill*         0x0800f1ae        0x2 
 .text.USBH_HandleControl
                0x0800f1b0      0x304 ./Middlewares/ST/STM32_USB_Host_Library/Core/Src/usbh_ctlreq.o
 .text.USBH_CtlSendSetup
                0x0800f4b4       0x34 ./Middlewares/ST/STM32_USB_Host_Library/Core/Src/usbh_ioreq.o
                0x0800f4b4                USBH_CtlSendSetup
 .text.USBH_CtlSendData
                0x0800f4e8       0x4a ./Middlewares/ST/STM32_USB_Host_Library/Core/Src/usbh_ioreq.o
                0x0800f4e8                USBH_CtlSendData
 .text.USBH_CtlReceiveData
                0x0800f532       0x3c ./Middlewares/ST/STM32_USB_Host_Library/Core/Src/usbh_ioreq.o
                0x0800f532                USBH_CtlReceiveData
 .text.USBH_InterruptReceiveData
                0x0800f56e       0x3e ./Middlewares/ST/STM32_USB_Host_Library/Core/Src/usbh_ioreq.o
                0x0800f56e                USBH_InterruptReceiveData
 .text.USBH_IsocSendData
                0x0800f5ac       0x36 ./Middlewares/ST/STM32_USB_Host_Library/Core/Src/usbh_ioreq.o
                0x0800f5ac                USBH_IsocSendData
 .text.USBH_OpenPipe
                0x0800f5e2       0x3e ./Middlewares/ST/STM32_USB_Host_Library/Core/Src/usbh_pipes.o
                0x0800f5e2                USBH_OpenPipe
 .text.USBH_ClosePipe
                0x0800f620       0x20 ./Middlewares/ST/STM32_USB_Host_Library/Core/Src/usbh_pipes.o
                0x0800f620                USBH_ClosePipe
 .text.USBH_AllocPipe
                0x0800f640       0x42 ./Middlewares/ST/STM32_USB_Host_Library/Core/Src/usbh_pipes.o
                0x0800f640                USBH_AllocPipe
 .text.USBH_FreePipe
                0x0800f682       0x3c ./Middlewares/ST/STM32_USB_Host_Library/Core/Src/usbh_pipes.o
                0x0800f682                USBH_FreePipe
 .text.USBH_GetFreePipe
                0x0800f6be       0x48 ./Middlewares/ST/STM32_USB_Host_Library/Core/Src/usbh_pipes.o
 .text.USBH_Clock_Config
                0x0800f706       0x5a ./USB_HOST/App/usb_host.o
                0x0800f706                USBH_Clock_Config
 .text.MX_USB_HOST_Init
                0x0800f760       0x50 ./USB_HOST/App/usb_host.o
                0x0800f760                MX_USB_HOST_Init
 .text.MX_USB_HOST_Process
                0x0800f7b0       0x14 ./USB_HOST/App/usb_host.o
                0x0800f7b0                MX_USB_HOST_Process
 .text.USBH_UserProcess
                0x0800f7c4       0x60 ./USB_HOST/App/usb_host.o
 .text.HAL_HCD_MspInit
                0x0800f824      0x1bc ./USB_HOST/Target/usbh_conf.o
                0x0800f824                HAL_HCD_MspInit
 .text.HAL_HCD_SOF_Callback
                0x0800f9e0       0x1c ./USB_HOST/Target/usbh_conf.o
                0x0800f9e0                HAL_HCD_SOF_Callback
 .text.HAL_HCD_Connect_Callback
                0x0800f9fc       0x1c ./USB_HOST/Target/usbh_conf.o
                0x0800f9fc                HAL_HCD_Connect_Callback
 .text.HAL_HCD_Disconnect_Callback
                0x0800fa18       0x1c ./USB_HOST/Target/usbh_conf.o
                0x0800fa18                HAL_HCD_Disconnect_Callback
 .text.HAL_HCD_HC_NotifyURBChange_Callback
                0x0800fa34       0x1c ./USB_HOST/Target/usbh_conf.o
                0x0800fa34                HAL_HCD_HC_NotifyURBChange_Callback
 .text.HAL_HCD_PortEnabled_Callback
                0x0800fa50       0x1c ./USB_HOST/Target/usbh_conf.o
                0x0800fa50                HAL_HCD_PortEnabled_Callback
 .text.HAL_HCD_PortDisabled_Callback
                0x0800fa6c       0x1c ./USB_HOST/Target/usbh_conf.o
                0x0800fa6c                HAL_HCD_PortDisabled_Callback
 .text.USBH_LL_Init
                0x0800fa88       0x88 ./USB_HOST/Target/usbh_conf.o
                0x0800fa88                USBH_LL_Init
 .text.USBH_LL_Start
                0x0800fb10       0x36 ./USB_HOST/Target/usbh_conf.o
                0x0800fb10                USBH_LL_Start
 .text.USBH_LL_Stop
                0x0800fb46       0x36 ./USB_HOST/Target/usbh_conf.o
                0x0800fb46                USBH_LL_Stop
 .text.USBH_LL_GetSpeed
                0x0800fb7c       0x4e ./USB_HOST/Target/usbh_conf.o
                0x0800fb7c                USBH_LL_GetSpeed
 .text.USBH_LL_ResetPort
                0x0800fbca       0x36 ./USB_HOST/Target/usbh_conf.o
                0x0800fbca                USBH_LL_ResetPort
 .text.USBH_LL_OpenPipe
                0x0800fc00       0x5e ./USB_HOST/Target/usbh_conf.o
                0x0800fc00                USBH_LL_OpenPipe
 .text.USBH_LL_ClosePipe
                0x0800fc5e       0x3e ./USB_HOST/Target/usbh_conf.o
                0x0800fc5e                USBH_LL_ClosePipe
 .text.USBH_LL_SubmitURB
                0x0800fc9c       0x62 ./USB_HOST/Target/usbh_conf.o
                0x0800fc9c                USBH_LL_SubmitURB
 .text.USBH_LL_GetURBState
                0x0800fcfe       0x26 ./USB_HOST/Target/usbh_conf.o
                0x0800fcfe                USBH_LL_GetURBState
 .text.USBH_LL_DriverVBUS
                0x0800fd24       0x42 ./USB_HOST/Target/usbh_conf.o
                0x0800fd24                USBH_LL_DriverVBUS
 .text.USBH_LL_SetToggle
                0x0800fd66       0x66 ./USB_HOST/Target/usbh_conf.o
                0x0800fd66                USBH_LL_SetToggle
 .text.USBH_Delay
                0x0800fdcc       0x16 ./USB_HOST/Target/usbh_conf.o
                0x0800fdcc                USBH_Delay
 *fill*         0x0800fde2        0x2 
 .text.USBH_Get_USB_Status
                0x0800fde4       0x58 ./USB_HOST/Target/usbh_conf.o
                0x0800fde4                USBH_Get_USB_Status
 .text.malloc   0x0800fe3c       0x10 C:/ST/STM32CubeIDE_1.19.0/STM32CubeIDE/plugins/com.st.stm32cube.ide.mcu.externaltools.gnu-tools-for-stm32.13.3.rel1.win32_1.0.0.202411081344/tools/bin/../lib/gcc/arm-none-eabi/13.3.1/../../../../arm-none-eabi/lib/thumb/v7e-m+dp/hard\libc_nano.a(libc_a-malloc.o)
                0x0800fe3c                malloc
 .text.free     0x0800fe4c       0x10 C:/ST/STM32CubeIDE_1.19.0/STM32CubeIDE/plugins/com.st.stm32cube.ide.mcu.externaltools.gnu-tools-for-stm32.13.3.rel1.win32_1.0.0.202411081344/tools/bin/../lib/gcc/arm-none-eabi/13.3.1/../../../../arm-none-eabi/lib/thumb/v7e-m+dp/hard\libc_nano.a(libc_a-malloc.o)
                0x0800fe4c                free
 .text.sbrk_aligned
                0x0800fe5c       0x44 C:/ST/STM32CubeIDE_1.19.0/STM32CubeIDE/plugins/com.st.stm32cube.ide.mcu.externaltools.gnu-tools-for-stm32.13.3.rel1.win32_1.0.0.202411081344/tools/bin/../lib/gcc/arm-none-eabi/13.3.1/../../../../arm-none-eabi/lib/thumb/v7e-m+dp/hard\libc_nano.a(libc_a-mallocr.o)
 .text._malloc_r
                0x0800fea0      0x100 C:/ST/STM32CubeIDE_1.19.0/STM32CubeIDE/plugins/com.st.stm32cube.ide.mcu.externaltools.gnu-tools-for-stm32.13.3.rel1.win32_1.0.0.202411081344/tools/bin/../lib/gcc/arm-none-eabi/13.3.1/../../../../arm-none-eabi/lib/thumb/v7e-m+dp/hard\libc_nano.a(libc_a-mallocr.o)
                0x0800fea0                _malloc_r
 .text.__malloc_lock
                0x0800ffa0        0xc C:/ST/STM32CubeIDE_1.19.0/STM32CubeIDE/plugins/com.st.stm32cube.ide.mcu.externaltools.gnu-tools-for-stm32.13.3.rel1.win32_1.0.0.202411081344/tools/bin/../lib/gcc/arm-none-eabi/13.3.1/../../../../arm-none-eabi/lib/thumb/v7e-m+dp/hard\libc_nano.a(libc_a-mlock.o)
                0x0800ffa0                __malloc_lock
 .text.__malloc_unlock
                0x0800ffac        0xc C:/ST/STM32CubeIDE_1.19.0/STM32CubeIDE/plugins/com.st.stm32cube.ide.mcu.externaltools.gnu-tools-for-stm32.13.3.rel1.win32_1.0.0.202411081344/tools/bin/../lib/gcc/arm-none-eabi/13.3.1/../../../../arm-none-eabi/lib/thumb/v7e-m+dp/hard\libc_nano.a(libc_a-mlock.o)
                0x0800ffac                __malloc_unlock
 .text.std      0x0800ffb8       0x6c C:/ST/STM32CubeIDE_1.19.0/STM32CubeIDE/plugins/com.st.stm32cube.ide.mcu.externaltools.gnu-tools-for-stm32.13.3.rel1.win32_1.0.0.202411081344/tools/bin/../lib/gcc/arm-none-eabi/13.3.1/../../../../arm-none-eabi/lib/thumb/v7e-m+dp/hard\libc_nano.a(libc_a-findfp.o)
 .text.stdio_exit_handler
                0x08010024       0x18 C:/ST/STM32CubeIDE_1.19.0/STM32CubeIDE/plugins/com.st.stm32cube.ide.mcu.externaltools.gnu-tools-for-stm32.13.3.rel1.win32_1.0.0.202411081344/tools/bin/../lib/gcc/arm-none-eabi/13.3.1/../../../../arm-none-eabi/lib/thumb/v7e-m+dp/hard\libc_nano.a(libc_a-findfp.o)
 .text.cleanup_stdio
                0x0801003c       0x40 C:/ST/STM32CubeIDE_1.19.0/STM32CubeIDE/plugins/com.st.stm32cube.ide.mcu.externaltools.gnu-tools-for-stm32.13.3.rel1.win32_1.0.0.202411081344/tools/bin/../lib/gcc/arm-none-eabi/13.3.1/../../../../arm-none-eabi/lib/thumb/v7e-m+dp/hard\libc_nano.a(libc_a-findfp.o)
 .text.global_stdio_init.part.0
                0x0801007c       0x3c C:/ST/STM32CubeIDE_1.19.0/STM32CubeIDE/plugins/com.st.stm32cube.ide.mcu.externaltools.gnu-tools-for-stm32.13.3.rel1.win32_1.0.0.202411081344/tools/bin/../lib/gcc/arm-none-eabi/13.3.1/../../../../arm-none-eabi/lib/thumb/v7e-m+dp/hard\libc_nano.a(libc_a-findfp.o)
 .text.__sfp_lock_acquire
                0x080100b8        0xc C:/ST/STM32CubeIDE_1.19.0/STM32CubeIDE/plugins/com.st.stm32cube.ide.mcu.externaltools.gnu-tools-for-stm32.13.3.rel1.win32_1.0.0.202411081344/tools/bin/../lib/gcc/arm-none-eabi/13.3.1/../../../../arm-none-eabi/lib/thumb/v7e-m+dp/hard\libc_nano.a(libc_a-findfp.o)
                0x080100b8                __sfp_lock_acquire
 .text.__sfp_lock_release
                0x080100c4        0xc C:/ST/STM32CubeIDE_1.19.0/STM32CubeIDE/plugins/com.st.stm32cube.ide.mcu.externaltools.gnu-tools-for-stm32.13.3.rel1.win32_1.0.0.202411081344/tools/bin/../lib/gcc/arm-none-eabi/13.3.1/../../../../arm-none-eabi/lib/thumb/v7e-m+dp/hard\libc_nano.a(libc_a-findfp.o)
                0x080100c4                __sfp_lock_release
 .text.__sinit  0x080100d0       0x30 C:/ST/STM32CubeIDE_1.19.0/STM32CubeIDE/plugins/com.st.stm32cube.ide.mcu.externaltools.gnu-tools-for-stm32.13.3.rel1.win32_1.0.0.202411081344/tools/bin/../lib/gcc/arm-none-eabi/13.3.1/../../../../arm-none-eabi/lib/thumb/v7e-m+dp/hard\libc_nano.a(libc_a-findfp.o)
                0x080100d0                __sinit
 .text._fwalk_sglue
                0x08010100       0x3c C:/ST/STM32CubeIDE_1.19.0/STM32CubeIDE/plugins/com.st.stm32cube.ide.mcu.externaltools.gnu-tools-for-stm32.13.3.rel1.win32_1.0.0.202411081344/tools/bin/../lib/gcc/arm-none-eabi/13.3.1/../../../../arm-none-eabi/lib/thumb/v7e-m+dp/hard\libc_nano.a(libc_a-fwalk.o)
                0x08010100                _fwalk_sglue
 .text.printf   0x0801013c       0x24 C:/ST/STM32CubeIDE_1.19.0/STM32CubeIDE/plugins/com.st.stm32cube.ide.mcu.externaltools.gnu-tools-for-stm32.13.3.rel1.win32_1.0.0.202411081344/tools/bin/../lib/gcc/arm-none-eabi/13.3.1/../../../../arm-none-eabi/lib/thumb/v7e-m+dp/hard\libc_nano.a(libc_a-printf.o)
                0x0801013c                iprintf
                0x0801013c                printf
 .text.putchar  0x08010160       0x10 C:/ST/STM32CubeIDE_1.19.0/STM32CubeIDE/plugins/com.st.stm32cube.ide.mcu.externaltools.gnu-tools-for-stm32.13.3.rel1.win32_1.0.0.202411081344/tools/bin/../lib/gcc/arm-none-eabi/13.3.1/../../../../arm-none-eabi/lib/thumb/v7e-m+dp/hard\libc_nano.a(libc_a-putchar.o)
                0x08010160                putchar
 .text.__sread  0x08010170       0x22 C:/ST/STM32CubeIDE_1.19.0/STM32CubeIDE/plugins/com.st.stm32cube.ide.mcu.externaltools.gnu-tools-for-stm32.13.3.rel1.win32_1.0.0.202411081344/tools/bin/../lib/gcc/arm-none-eabi/13.3.1/../../../../arm-none-eabi/lib/thumb/v7e-m+dp/hard\libc_nano.a(libc_a-stdio.o)
                0x08010170                __sread
 .text.__swrite
                0x08010192       0x38 C:/ST/STM32CubeIDE_1.19.0/STM32CubeIDE/plugins/com.st.stm32cube.ide.mcu.externaltools.gnu-tools-for-stm32.13.3.rel1.win32_1.0.0.202411081344/tools/bin/../lib/gcc/arm-none-eabi/13.3.1/../../../../arm-none-eabi/lib/thumb/v7e-m+dp/hard\libc_nano.a(libc_a-stdio.o)
                0x08010192                __swrite
 .text.__sseek  0x080101ca       0x24 C:/ST/STM32CubeIDE_1.19.0/STM32CubeIDE/plugins/com.st.stm32cube.ide.mcu.externaltools.gnu-tools-for-stm32.13.3.rel1.win32_1.0.0.202411081344/tools/bin/../lib/gcc/arm-none-eabi/13.3.1/../../../../arm-none-eabi/lib/thumb/v7e-m+dp/hard\libc_nano.a(libc_a-stdio.o)
                0x080101ca                __sseek
 .text.__sclose
                0x080101ee        0x8 C:/ST/STM32CubeIDE_1.19.0/STM32CubeIDE/plugins/com.st.stm32cube.ide.mcu.externaltools.gnu-tools-for-stm32.13.3.rel1.win32_1.0.0.202411081344/tools/bin/../lib/gcc/arm-none-eabi/13.3.1/../../../../arm-none-eabi/lib/thumb/v7e-m+dp/hard\libc_nano.a(libc_a-stdio.o)
                0x080101ee                __sclose
 .text.memset   0x080101f6       0x10 C:/ST/STM32CubeIDE_1.19.0/STM32CubeIDE/plugins/com.st.stm32cube.ide.mcu.externaltools.gnu-tools-for-stm32.13.3.rel1.win32_1.0.0.202411081344/tools/bin/../lib/gcc/arm-none-eabi/13.3.1/../../../../arm-none-eabi/lib/thumb/v7e-m+dp/hard\libc_nano.a(libc_a-memset.o)
                0x080101f6                memset
 *fill*         0x08010206        0x2 
 .text._close_r
                0x08010208       0x20 C:/ST/STM32CubeIDE_1.19.0/STM32CubeIDE/plugins/com.st.stm32cube.ide.mcu.externaltools.gnu-tools-for-stm32.13.3.rel1.win32_1.0.0.202411081344/tools/bin/../lib/gcc/arm-none-eabi/13.3.1/../../../../arm-none-eabi/lib/thumb/v7e-m+dp/hard\libc_nano.a(libc_a-closer.o)
                0x08010208                _close_r
 .text._lseek_r
                0x08010228       0x24 C:/ST/STM32CubeIDE_1.19.0/STM32CubeIDE/plugins/com.st.stm32cube.ide.mcu.externaltools.gnu-tools-for-stm32.13.3.rel1.win32_1.0.0.202411081344/tools/bin/../lib/gcc/arm-none-eabi/13.3.1/../../../../arm-none-eabi/lib/thumb/v7e-m+dp/hard\libc_nano.a(libc_a-lseekr.o)
                0x08010228                _lseek_r
 .text._read_r  0x0801024c       0x24 C:/ST/STM32CubeIDE_1.19.0/STM32CubeIDE/plugins/com.st.stm32cube.ide.mcu.externaltools.gnu-tools-for-stm32.13.3.rel1.win32_1.0.0.202411081344/tools/bin/../lib/gcc/arm-none-eabi/13.3.1/../../../../arm-none-eabi/lib/thumb/v7e-m+dp/hard\libc_nano.a(libc_a-readr.o)
                0x0801024c                _read_r
 .text._sbrk_r  0x08010270       0x20 C:/ST/STM32CubeIDE_1.19.0/STM32CubeIDE/plugins/com.st.stm32cube.ide.mcu.externaltools.gnu-tools-for-stm32.13.3.rel1.win32_1.0.0.202411081344/tools/bin/../lib/gcc/arm-none-eabi/13.3.1/../../../../arm-none-eabi/lib/thumb/v7e-m+dp/hard\libc_nano.a(libc_a-sbrkr.o)
                0x08010270                _sbrk_r
 .text._write_r
                0x08010290       0x24 C:/ST/STM32CubeIDE_1.19.0/STM32CubeIDE/plugins/com.st.stm32cube.ide.mcu.externaltools.gnu-tools-for-stm32.13.3.rel1.win32_1.0.0.202411081344/tools/bin/../lib/gcc/arm-none-eabi/13.3.1/../../../../arm-none-eabi/lib/thumb/v7e-m+dp/hard\libc_nano.a(libc_a-writer.o)
                0x08010290                _write_r
 .text.__errno  0x080102b4        0xc C:/ST/STM32CubeIDE_1.19.0/STM32CubeIDE/plugins/com.st.stm32cube.ide.mcu.externaltools.gnu-tools-for-stm32.13.3.rel1.win32_1.0.0.202411081344/tools/bin/../lib/gcc/arm-none-eabi/13.3.1/../../../../arm-none-eabi/lib/thumb/v7e-m+dp/hard\libc_nano.a(libc_a-errno.o)
                0x080102b4                __errno
 .text.__libc_init_array
                0x080102c0       0x48 C:/ST/STM32CubeIDE_1.19.0/STM32CubeIDE/plugins/com.st.stm32cube.ide.mcu.externaltools.gnu-tools-for-stm32.13.3.rel1.win32_1.0.0.202411081344/tools/bin/../lib/gcc/arm-none-eabi/13.3.1/../../../../arm-none-eabi/lib/thumb/v7e-m+dp/hard\libc_nano.a(libc_a-init.o)
                0x080102c0                __libc_init_array
 .text.__retarget_lock_init_recursive
                0x08010308        0x2 C:/ST/STM32CubeIDE_1.19.0/STM32CubeIDE/plugins/com.st.stm32cube.ide.mcu.externaltools.gnu-tools-for-stm32.13.3.rel1.win32_1.0.0.202411081344/tools/bin/../lib/gcc/arm-none-eabi/13.3.1/../../../../arm-none-eabi/lib/thumb/v7e-m+dp/hard\libc_nano.a(libc_a-lock.o)
                0x08010308                __retarget_lock_init_recursive
 .text.__retarget_lock_acquire_recursive
                0x0801030a        0x2 C:/ST/STM32CubeIDE_1.19.0/STM32CubeIDE/plugins/com.st.stm32cube.ide.mcu.externaltools.gnu-tools-for-stm32.13.3.rel1.win32_1.0.0.202411081344/tools/bin/../lib/gcc/arm-none-eabi/13.3.1/../../../../arm-none-eabi/lib/thumb/v7e-m+dp/hard\libc_nano.a(libc_a-lock.o)
                0x0801030a                __retarget_lock_acquire_recursive
 .text.__retarget_lock_release_recursive
                0x0801030c        0x2 C:/ST/STM32CubeIDE_1.19.0/STM32CubeIDE/plugins/com.st.stm32cube.ide.mcu.externaltools.gnu-tools-for-stm32.13.3.rel1.win32_1.0.0.202411081344/tools/bin/../lib/gcc/arm-none-eabi/13.3.1/../../../../arm-none-eabi/lib/thumb/v7e-m+dp/hard\libc_nano.a(libc_a-lock.o)
                0x0801030c                __retarget_lock_release_recursive
 .text.memcpy   0x0801030e       0x1c C:/ST/STM32CubeIDE_1.19.0/STM32CubeIDE/plugins/com.st.stm32cube.ide.mcu.externaltools.gnu-tools-for-stm32.13.3.rel1.win32_1.0.0.202411081344/tools/bin/../lib/gcc/arm-none-eabi/13.3.1/../../../../arm-none-eabi/lib/thumb/v7e-m+dp/hard\libc_nano.a(libc_a-memcpy-stub.o)
                0x0801030e                memcpy
 *fill*         0x0801032a        0x2 
 .text._free_r  0x0801032c       0x94 C:/ST/STM32CubeIDE_1.19.0/STM32CubeIDE/plugins/com.st.stm32cube.ide.mcu.externaltools.gnu-tools-for-stm32.13.3.rel1.win32_1.0.0.202411081344/tools/bin/../lib/gcc/arm-none-eabi/13.3.1/../../../../arm-none-eabi/lib/thumb/v7e-m+dp/hard\libc_nano.a(libc_a-freer.o)
                0x0801032c                _free_r
 .text.__sfputc_r
                0x080103c0       0x2e C:/ST/STM32CubeIDE_1.19.0/STM32CubeIDE/plugins/com.st.stm32cube.ide.mcu.externaltools.gnu-tools-for-stm32.13.3.rel1.win32_1.0.0.202411081344/tools/bin/../lib/gcc/arm-none-eabi/13.3.1/../../../../arm-none-eabi/lib/thumb/v7e-m+dp/hard\libc_nano.a(libc_a-nano-vfprintf.o)
 .text.__sfputs_r
                0x080103ee       0x24 C:/ST/STM32CubeIDE_1.19.0/STM32CubeIDE/plugins/com.st.stm32cube.ide.mcu.externaltools.gnu-tools-for-stm32.13.3.rel1.win32_1.0.0.202411081344/tools/bin/../lib/gcc/arm-none-eabi/13.3.1/../../../../arm-none-eabi/lib/thumb/v7e-m+dp/hard\libc_nano.a(libc_a-nano-vfprintf.o)
                0x080103ee                __sfputs_r
 *fill*         0x08010412        0x2 
 .text._vfprintf_r
                0x08010414      0x230 C:/ST/STM32CubeIDE_1.19.0/STM32CubeIDE/plugins/com.st.stm32cube.ide.mcu.externaltools.gnu-tools-for-stm32.13.3.rel1.win32_1.0.0.202411081344/tools/bin/../lib/gcc/arm-none-eabi/13.3.1/../../../../arm-none-eabi/lib/thumb/v7e-m+dp/hard\libc_nano.a(libc_a-nano-vfprintf.o)
                0x08010414                _vfprintf_r
                0x08010414                _vfiprintf_r
 .text._printf_common
                0x08010644       0xda C:/ST/STM32CubeIDE_1.19.0/STM32CubeIDE/plugins/com.st.stm32cube.ide.mcu.externaltools.gnu-tools-for-stm32.13.3.rel1.win32_1.0.0.202411081344/tools/bin/../lib/gcc/arm-none-eabi/13.3.1/../../../../arm-none-eabi/lib/thumb/v7e-m+dp/hard\libc_nano.a(libc_a-nano-vfprintf_i.o)
                0x08010644                _printf_common
 *fill*         0x0801071e        0x2 
 .text._printf_i
                0x08010720      0x23c C:/ST/STM32CubeIDE_1.19.0/STM32CubeIDE/plugins/com.st.stm32cube.ide.mcu.externaltools.gnu-tools-for-stm32.13.3.rel1.win32_1.0.0.202411081344/tools/bin/../lib/gcc/arm-none-eabi/13.3.1/../../../../arm-none-eabi/lib/thumb/v7e-m+dp/hard\libc_nano.a(libc_a-nano-vfprintf_i.o)
                0x08010720                _printf_i
 .text.__sflush_r
                0x0801095c      0x108 C:/ST/STM32CubeIDE_1.19.0/STM32CubeIDE/plugins/com.st.stm32cube.ide.mcu.externaltools.gnu-tools-for-stm32.13.3.rel1.win32_1.0.0.202411081344/tools/bin/../lib/gcc/arm-none-eabi/13.3.1/../../../../arm-none-eabi/lib/thumb/v7e-m+dp/hard\libc_nano.a(libc_a-fflush.o)
                0x0801095c                __sflush_r
 .text._fflush_r
                0x08010a64       0x50 C:/ST/STM32CubeIDE_1.19.0/STM32CubeIDE/plugins/com.st.stm32cube.ide.mcu.externaltools.gnu-tools-for-stm32.13.3.rel1.win32_1.0.0.202411081344/tools/bin/../lib/gcc/arm-none-eabi/13.3.1/../../../../arm-none-eabi/lib/thumb/v7e-m+dp/hard\libc_nano.a(libc_a-fflush.o)
                0x08010a64                _fflush_r
 .text._putc_r  0x08010ab4       0x68 C:/ST/STM32CubeIDE_1.19.0/STM32CubeIDE/plugins/com.st.stm32cube.ide.mcu.externaltools.gnu-tools-for-stm32.13.3.rel1.win32_1.0.0.202411081344/tools/bin/../lib/gcc/arm-none-eabi/13.3.1/../../../../arm-none-eabi/lib/thumb/v7e-m+dp/hard\libc_nano.a(libc_a-putc.o)
                0x08010ab4                _putc_r
 .text.__swbuf_r
                0x08010b1c       0x7c C:/ST/STM32CubeIDE_1.19.0/STM32CubeIDE/plugins/com.st.stm32cube.ide.mcu.externaltools.gnu-tools-for-stm32.13.3.rel1.win32_1.0.0.202411081344/tools/bin/../lib/gcc/arm-none-eabi/13.3.1/../../../../arm-none-eabi/lib/thumb/v7e-m+dp/hard\libc_nano.a(libc_a-wbuf.o)
                0x08010b1c                __swbuf_r
 .text.__swsetup_r
                0x08010b98       0xac C:/ST/STM32CubeIDE_1.19.0/STM32CubeIDE/plugins/com.st.stm32cube.ide.mcu.externaltools.gnu-tools-for-stm32.13.3.rel1.win32_1.0.0.202411081344/tools/bin/../lib/gcc/arm-none-eabi/13.3.1/../../../../arm-none-eabi/lib/thumb/v7e-m+dp/hard\libc_nano.a(libc_a-wsetup.o)
                0x08010b98                __swsetup_r
 .text.__swhatbuf_r
                0x08010c44       0x4c C:/ST/STM32CubeIDE_1.19.0/STM32CubeIDE/plugins/com.st.stm32cube.ide.mcu.externaltools.gnu-tools-for-stm32.13.3.rel1.win32_1.0.0.202411081344/tools/bin/../lib/gcc/arm-none-eabi/13.3.1/../../../../arm-none-eabi/lib/thumb/v7e-m+dp/hard\libc_nano.a(libc_a-makebuf.o)
                0x08010c44                __swhatbuf_r
 .text.__smakebuf_r
                0x08010c90       0x78 C:/ST/STM32CubeIDE_1.19.0/STM32CubeIDE/plugins/com.st.stm32cube.ide.mcu.externaltools.gnu-tools-for-stm32.13.3.rel1.win32_1.0.0.202411081344/tools/bin/../lib/gcc/arm-none-eabi/13.3.1/../../../../arm-none-eabi/lib/thumb/v7e-m+dp/hard\libc_nano.a(libc_a-makebuf.o)
                0x08010c90                __smakebuf_r
 .text._fstat_r
                0x08010d08       0x24 C:/ST/STM32CubeIDE_1.19.0/STM32CubeIDE/plugins/com.st.stm32cube.ide.mcu.externaltools.gnu-tools-for-stm32.13.3.rel1.win32_1.0.0.202411081344/tools/bin/../lib/gcc/arm-none-eabi/13.3.1/../../../../arm-none-eabi/lib/thumb/v7e-m+dp/hard\libc_nano.a(libc_a-fstatr.o)
                0x08010d08                _fstat_r
 .text._isatty_r
                0x08010d2c       0x20 C:/ST/STM32CubeIDE_1.19.0/STM32CubeIDE/plugins/com.st.stm32cube.ide.mcu.externaltools.gnu-tools-for-stm32.13.3.rel1.win32_1.0.0.202411081344/tools/bin/../lib/gcc/arm-none-eabi/13.3.1/../../../../arm-none-eabi/lib/thumb/v7e-m+dp/hard\libc_nano.a(libc_a-isattyr.o)
                0x08010d2c                _isatty_r
 .text.sinf_poly
                0x08010d4c       0x54 C:/ST/STM32CubeIDE_1.19.0/STM32CubeIDE/plugins/com.st.stm32cube.ide.mcu.externaltools.gnu-tools-for-stm32.13.3.rel1.win32_1.0.0.202411081344/tools/bin/../lib/gcc/arm-none-eabi/13.3.1/../../../../arm-none-eabi/lib/thumb/v7e-m+dp/hard\libm.a(libm_a-sinf.o)
 .text.sinf     0x08010da0      0x130 C:/ST/STM32CubeIDE_1.19.0/STM32CubeIDE/plugins/com.st.stm32cube.ide.mcu.externaltools.gnu-tools-for-stm32.13.3.rel1.win32_1.0.0.202411081344/tools/bin/../lib/gcc/arm-none-eabi/13.3.1/../../../../arm-none-eabi/lib/thumb/v7e-m+dp/hard\libm.a(libm_a-sinf.o)
                0x08010da0                sinf
 .text.with_errnof
                0x08010ed0       0x1c C:/ST/STM32CubeIDE_1.19.0/STM32CubeIDE/plugins/com.st.stm32cube.ide.mcu.externaltools.gnu-tools-for-stm32.13.3.rel1.win32_1.0.0.202411081344/tools/bin/../lib/gcc/arm-none-eabi/13.3.1/../../../../arm-none-eabi/lib/thumb/v7e-m+dp/hard\libm.a(libm_a-math_errf.o)
 .text.__math_invalidf
                0x08010eec       0x1e C:/ST/STM32CubeIDE_1.19.0/STM32CubeIDE/plugins/com.st.stm32cube.ide.mcu.externaltools.gnu-tools-for-stm32.13.3.rel1.win32_1.0.0.202411081344/tools/bin/../lib/gcc/arm-none-eabi/13.3.1/../../../../arm-none-eabi/lib/thumb/v7e-m+dp/hard\libm.a(libm_a-math_errf.o)
                0x08010eec                __math_invalidf
 *(.glue_7)
 .glue_7        0x08010f0a        0x0 linker stubs
 *(.glue_7t)
 .glue_7t       0x08010f0a        0x0 linker stubs
 *(.eh_frame)
 *fill*         0x08010f0a        0x2 
 .eh_frame      0x08010f0c        0x0 C:/ST/STM32CubeIDE_1.19.0/STM32CubeIDE/plugins/com.st.stm32cube.ide.mcu.externaltools.gnu-tools-for-stm32.13.3.rel1.win32_1.0.0.202411081344/tools/bin/../lib/gcc/arm-none-eabi/13.3.1/thumb/v7e-m+dp/hard/crtbegin.o
 *(.init)
 .init          0x08010f0c        0x4 C:/ST/STM32CubeIDE_1.19.0/STM32CubeIDE/plugins/com.st.stm32cube.ide.mcu.externaltools.gnu-tools-for-stm32.13.3.rel1.win32_1.0.0.202411081344/tools/bin/../lib/gcc/arm-none-eabi/13.3.1/thumb/v7e-m+dp/hard/crti.o
                0x08010f0c                _init
 .init          0x08010f10        0x8 C:/ST/STM32CubeIDE_1.19.0/STM32CubeIDE/plugins/com.st.stm32cube.ide.mcu.externaltools.gnu-tools-for-stm32.13.3.rel1.win32_1.0.0.202411081344/tools/bin/../lib/gcc/arm-none-eabi/13.3.1/thumb/v7e-m+dp/hard/crtn.o
 *(.fini)
 .fini          0x08010f18        0x4 C:/ST/STM32CubeIDE_1.19.0/STM32CubeIDE/plugins/com.st.stm32cube.ide.mcu.externaltools.gnu-tools-for-stm32.13.3.rel1.win32_1.0.0.202411081344/tools/bin/../lib/gcc/arm-none-eabi/13.3.1/thumb/v7e-m+dp/hard/crti.o
                0x08010f18                _fini
 .fini          0x08010f1c        0x8 C:/ST/STM32CubeIDE_1.19.0/STM32CubeIDE/plugins/com.st.stm32cube.ide.mcu.externaltools.gnu-tools-for-stm32.13.3.rel1.win32_1.0.0.202411081344/tools/bin/../lib/gcc/arm-none-eabi/13.3.1/thumb/v7e-m+dp/hard/crtn.o
                0x08010f24                        . = ALIGN (0x4)
                0x08010f24                        _etext = .

.vfp11_veneer   0x08010f24        0x0
 .vfp11_veneer  0x08010f24        0x0 linker stubs

.v4_bx          0x08010f24        0x0
 .v4_bx         0x08010f24        0x0 linker stubs

.iplt           0x08010f24        0x0
 .iplt          0x08010f24        0x0 C:/ST/STM32CubeIDE_1.19.0/STM32CubeIDE/plugins/com.st.stm32cube.ide.mcu.externaltools.gnu-tools-for-stm32.13.3.rel1.win32_1.0.0.202411081344/tools/bin/../lib/gcc/arm-none-eabi/13.3.1/thumb/v7e-m+dp/hard/crtbegin.o

.rodata         0x08010f28      0x810
                0x08010f28                        . = ALIGN (0x4)
 *(.rodata)
 .rodata        0x08010f28       0x7a ./Middlewares/ST/STM32_USB_Host_Library/Class/AUDIO/Src/usbh_audio.o
 *fill*         0x08010fa2        0x2 
 .rodata        0x08010fa4      0x460 ./Middlewares/ST/STM32_USB_Host_Library/Core/Src/usbh_core.o
 .rodata        0x08011404      0x101 ./Middlewares/ST/STM32_USB_Host_Library/Core/Src/usbh_ctlreq.o
 *(.rodata*)
 *fill*         0x08011505        0x3 
 .rodata.LED_PIN
                0x08011508       0x10 ./Core/Src/stm32h7b3i_eval.o
 .rodata.I2C_Charac
                0x08011518       0x84 ./Core/Src/stm32h7b3i_eval_bus.o
 .rodata.D1CorePrescTable
                0x0801159c       0x10 ./Core/Src/system_stm32h7xx.o
                0x0801159c                D1CorePrescTable
 .rodata.UARTPrescTable
                0x080115ac       0x18 ./Drivers/STM32H7xx_HAL_Driver/Inc/stm32h7xx_hal_uart.o
                0x080115ac                UARTPrescTable
 .rodata._vfprintf_r.str1.1
                0x080115c4       0x33 C:/ST/STM32CubeIDE_1.19.0/STM32CubeIDE/plugins/com.st.stm32cube.ide.mcu.externaltools.gnu-tools-for-stm32.13.3.rel1.win32_1.0.0.202411081344/tools/bin/../lib/gcc/arm-none-eabi/13.3.1/../../../../arm-none-eabi/lib/thumb/v7e-m+dp/hard\libc_nano.a(libc_a-nano-vfprintf.o)
                                 0x11 (size before relaxing)
 .rodata._printf_i.str1.1
                0x080115f7       0x22 C:/ST/STM32CubeIDE_1.19.0/STM32CubeIDE/plugins/com.st.stm32cube.ide.mcu.externaltools.gnu-tools-for-stm32.13.3.rel1.win32_1.0.0.202411081344/tools/bin/../lib/gcc/arm-none-eabi/13.3.1/../../../../arm-none-eabi/lib/thumb/v7e-m+dp/hard\libc_nano.a(libc_a-nano-vfprintf_i.o)
 *fill*         0x080115f7        0x1 
 .rodata.__inv_pio4
                0x080115f8       0x60 C:/ST/STM32CubeIDE_1.19.0/STM32CubeIDE/plugins/com.st.stm32cube.ide.mcu.externaltools.gnu-tools-for-stm32.13.3.rel1.win32_1.0.0.202411081344/tools/bin/../lib/gcc/arm-none-eabi/13.3.1/../../../../arm-none-eabi/lib/thumb/v7e-m+dp/hard\libm.a(libm_a-sincosf_data.o)
                0x080115f8                __inv_pio4
 .rodata.__sincosf_table
                0x08011658       0xe0 C:/ST/STM32CubeIDE_1.19.0/STM32CubeIDE/plugins/com.st.stm32cube.ide.mcu.externaltools.gnu-tools-for-stm32.13.3.rel1.win32_1.0.0.202411081344/tools/bin/../lib/gcc/arm-none-eabi/13.3.1/../../../../arm-none-eabi/lib/thumb/v7e-m+dp/hard\libm.a(libm_a-sincosf_data.o)
                0x08011658                __sincosf_table
                0x08011738                        . = ALIGN (0x4)

.ARM.extab
 *(.ARM.extab* .gnu.linkonce.armextab.*)

.ARM            0x08011738        0x8
                0x08011738                        __exidx_start = .
 *(.ARM.exidx*)
 .ARM.exidx     0x08011738        0x8 C:/ST/STM32CubeIDE_1.19.0/STM32CubeIDE/plugins/com.st.stm32cube.ide.mcu.externaltools.gnu-tools-for-stm32.13.3.rel1.win32_1.0.0.202411081344/tools/bin/../lib/gcc/arm-none-eabi/13.3.1/../../../../arm-none-eabi/lib/thumb/v7e-m+dp/hard\libc_nano.a(libc_a-memchr.o)
 .ARM.exidx     0x08011740        0x0 C:/ST/STM32CubeIDE_1.19.0/STM32CubeIDE/plugins/com.st.stm32cube.ide.mcu.externaltools.gnu-tools-for-stm32.13.3.rel1.win32_1.0.0.202411081344/tools/bin/../lib/gcc/arm-none-eabi/13.3.1/thumb/v7e-m+dp/hard\libgcc.a(_udivmoddi4.o)
                                  0x8 (size before relaxing)
                0x08011740                        __exidx_end = .

.preinit_array  0x08011740        0x0
                0x08011740                        PROVIDE (__preinit_array_start = .)
 *(.preinit_array*)
                0x08011740                        PROVIDE (__preinit_array_end = .)

.init_array     0x08011740        0x4
                0x08011740                        PROVIDE (__init_array_start = .)
 *(SORT_BY_NAME(.init_array.*))
 *(.init_array*)
 .init_array    0x08011740        0x4 C:/ST/STM32CubeIDE_1.19.0/STM32CubeIDE/plugins/com.st.stm32cube.ide.mcu.externaltools.gnu-tools-for-stm32.13.3.rel1.win32_1.0.0.202411081344/tools/bin/../lib/gcc/arm-none-eabi/13.3.1/thumb/v7e-m+dp/hard/crtbegin.o
                0x08011744                        PROVIDE (__init_array_end = .)

.fini_array     0x08011744        0x4
                [!provide]                        PROVIDE (__fini_array_start = .)
 *(SORT_BY_NAME(.fini_array.*))
 *(.fini_array*)
 .fini_array    0x08011744        0x4 C:/ST/STM32CubeIDE_1.19.0/STM32CubeIDE/plugins/com.st.stm32cube.ide.mcu.externaltools.gnu-tools-for-stm32.13.3.rel1.win32_1.0.0.202411081344/tools/bin/../lib/gcc/arm-none-eabi/13.3.1/thumb/v7e-m+dp/hard/crtbegin.o
                [!provide]                        PROVIDE (__fini_array_end = .)
                0x08011748                        _sidata = LOADADDR (.data)

.rel.dyn        0x08011748        0x0
 .rel.iplt      0x08011748        0x0 C:/ST/STM32CubeIDE_1.19.0/STM32CubeIDE/plugins/com.st.stm32cube.ide.mcu.externaltools.gnu-tools-for-stm32.13.3.rel1.win32_1.0.0.202411081344/tools/bin/../lib/gcc/arm-none-eabi/13.3.1/thumb/v7e-m+dp/hard/crtbegin.o

.data           0x24000000       0xc8 load address 0x08011748
                0x24000000                        . = ALIGN (0x4)
                0x24000000                        _sdata = .
 *(.data)
 *(.data*)
 .data.MFXSTM32L152_IO_Driver
                0x24000000       0x2c ./Core/Src/mfxstm32l152.o
                0x24000000                MFXSTM32L152_IO_Driver
 .data.LED_PORT
                0x2400002c       0x10 ./Core/Src/stm32h7b3i_eval.o
 .data.SystemCoreClock
                0x2400003c        0x4 ./Core/Src/system_stm32h7xx.o
                0x2400003c                SystemCoreClock
 .data.SystemD2Clock
                0x24000040        0x4 ./Core/Src/system_stm32h7xx.o
                0x24000040                SystemD2Clock
 .data.uwTickPrio
                0x24000044        0x4 ./Drivers/STM32H7xx_HAL_Driver/Src/stm32h7xx_hal.o
                0x24000044                uwTickPrio
 .data.uwTickFreq
                0x24000048        0x1 ./Drivers/STM32H7xx_HAL_Driver/Src/stm32h7xx_hal.o
                0x24000048                uwTickFreq
 *fill*         0x24000049        0x3 
 .data.AUDIO_Class
                0x2400004c       0x20 ./Middlewares/ST/STM32_USB_Host_Library/Class/AUDIO/Src/usbh_audio.o
                0x2400004c                AUDIO_Class
 .data.__sglue  0x2400006c        0xc C:/ST/STM32CubeIDE_1.19.0/STM32CubeIDE/plugins/com.st.stm32cube.ide.mcu.externaltools.gnu-tools-for-stm32.13.3.rel1.win32_1.0.0.202411081344/tools/bin/../lib/gcc/arm-none-eabi/13.3.1/../../../../arm-none-eabi/lib/thumb/v7e-m+dp/hard\libc_nano.a(libc_a-findfp.o)
                0x2400006c                __sglue
 .data._impure_ptr
                0x24000078        0x4 C:/ST/STM32CubeIDE_1.19.0/STM32CubeIDE/plugins/com.st.stm32cube.ide.mcu.externaltools.gnu-tools-for-stm32.13.3.rel1.win32_1.0.0.202411081344/tools/bin/../lib/gcc/arm-none-eabi/13.3.1/../../../../arm-none-eabi/lib/thumb/v7e-m+dp/hard\libc_nano.a(libc_a-impure.o)
                0x24000078                _impure_ptr
 .data._impure_data
                0x2400007c       0x4c C:/ST/STM32CubeIDE_1.19.0/STM32CubeIDE/plugins/com.st.stm32cube.ide.mcu.externaltools.gnu-tools-for-stm32.13.3.rel1.win32_1.0.0.202411081344/tools/bin/../lib/gcc/arm-none-eabi/13.3.1/../../../../arm-none-eabi/lib/thumb/v7e-m+dp/hard\libc_nano.a(libc_a-impure.o)
                0x2400007c                _impure_data
 *(.RamFunc)
 *(.RamFunc*)
                0x240000c8                        . = ALIGN (0x4)
                0x240000c8                        _edata = .

.igot.plt       0x240000c8        0x0 load address 0x08011810
 .igot.plt      0x240000c8        0x0 C:/ST/STM32CubeIDE_1.19.0/STM32CubeIDE/plugins/com.st.stm32cube.ide.mcu.externaltools.gnu-tools-for-stm32.13.3.rel1.win32_1.0.0.202411081344/tools/bin/../lib/gcc/arm-none-eabi/13.3.1/thumb/v7e-m+dp/hard/crtbegin.o
                0x240000c8                        . = ALIGN (0x4)

.bss            0x240000c8     0x2088 load address 0x08011810
                0x240000c8                        _sbss = .
                0x240000c8                        __bss_start__ = _sbss
 *(.bss)
 .bss           0x240000c8       0x1c C:/ST/STM32CubeIDE_1.19.0/STM32CubeIDE/plugins/com.st.stm32cube.ide.mcu.externaltools.gnu-tools-for-stm32.13.3.rel1.win32_1.0.0.202411081344/tools/bin/../lib/gcc/arm-none-eabi/13.3.1/thumb/v7e-m+dp/hard/crtbegin.o
 *(.bss*)
 .bss.UartHandle
                0x240000e4       0x94 ./Core/Src/main.o
                0x240000e4                UartHandle
 .bss.audio_buffer
                0x24000178      0x780 ./Core/Src/main.o
                0x24000178                audio_buffer
 .bss.tone_phase
                0x240008f8        0x4 ./Core/Src/main.o
                0x240008f8                tone_phase
 .bss.test_tone_started
                0x240008fc        0x1 ./Core/Src/main.o
                0x240008fc                test_tone_started
 .bss.frequency_set_complete
                0x240008fd        0x1 ./Core/Src/main.o
                0x240008fd                frequency_set_complete
 *fill*         0x240008fe        0x2 
 .bss.phase_increment.1
                0x24000900        0x4 ./Core/Src/main.o
 .bss.freq_set_attempted.0
                0x24000904        0x1 ./Core/Src/main.o
 *fill*         0x24000905        0x3 
 .bss.I2c2InitCounter
                0x24000908        0x4 ./Core/Src/stm32h7b3i_eval_bus.o
 .bss.I2c_valid_timing
                0x2400090c      0xa00 ./Core/Src/stm32h7b3i_eval_bus.o
 .bss.I2c_valid_timing_nbr
                0x2400130c        0x4 ./Core/Src/stm32h7b3i_eval_bus.o
 .bss.hbus_i2c2
                0x24001310       0x54 ./Core/Src/stm32h7b3i_eval_bus.o
                0x24001310                hbus_i2c2
 .bss.IO_Ctx    0x24001364        0x8 ./Core/Src/stm32h7b3i_eval_io.o
                0x24001364                IO_Ctx
 .bss.Io_CompObj
                0x2400136c       0x28 ./Core/Src/stm32h7b3i_eval_io.o
                0x2400136c                Io_CompObj
 .bss.hio_exti  0x24001394        0x8 ./Core/Src/stm32h7b3i_eval_io.o
                0x24001394                hio_exti
 .bss.Io_Drv    0x2400139c        0x4 ./Core/Src/stm32h7b3i_eval_io.o
 .bss.mfx_io_it_enabled.0
                0x240013a0        0x4 ./Core/Src/stm32h7b3i_eval_io.o
 .bss.__sbrk_heap_end
                0x240013a4        0x4 ./Core/Src/sysmem.o
 .bss.uwTick    0x240013a8        0x4 ./Drivers/STM32H7xx_HAL_Driver/Src/stm32h7xx_hal.o
                0x240013a8                uwTick
 .bss.hUsbHostHS
                0x240013ac      0x874 ./USB_HOST/App/usb_host.o
                0x240013ac                hUsbHostHS
 .bss.Appli_state
                0x24001c20        0x1 ./USB_HOST/App/usb_host.o
                0x24001c20                Appli_state
 *fill*         0x24001c21        0x3 
 .bss.hhcd_USB_OTG_HS
                0x24001c24      0x3e0 ./USB_HOST/Target/usbh_conf.o
                0x24001c24                hhcd_USB_OTG_HS
 .bss.__malloc_sbrk_start
                0x24002004        0x4 C:/ST/STM32CubeIDE_1.19.0/STM32CubeIDE/plugins/com.st.stm32cube.ide.mcu.externaltools.gnu-tools-for-stm32.13.3.rel1.win32_1.0.0.202411081344/tools/bin/../lib/gcc/arm-none-eabi/13.3.1/../../../../arm-none-eabi/lib/thumb/v7e-m+dp/hard\libc_nano.a(libc_a-mallocr.o)
                0x24002004                __malloc_sbrk_start
 .bss.__malloc_free_list