../Core/Src/main.c:82:6:GenerateTestTone	56	static
../Core/Src/main.c:136:6:StartTestTone	16	static
../Core/Src/main.c:179:6:USBH_AUDIO_BufferEmptyCallback	16	static
../Core/Src/main.c:191:6:USBH_AUDIO_FrequencySet	16	static
../Core/Src/main.c:221:5:main	24	static,ignoring_inline_asm
../Core/Src/main.c:304:6:SystemClock_Config	128	static
../Core/Src/main.c:383:13:MX_USART1_UART_Init	8	static
../Core/Src/main.c:424:13:MX_GPIO_Init	16	static
../Core/Src/main.c:438:1:__io_putchar	16	static
../Core/Src/main.c:453:6:MPU_Config	24	static
../Core/Src/main.c:515:6:Error_Handler	8	static
