../Core/Src/mfxstm32l152.c:128:9:MFXSTM32L152_Init	24	static
../Core/Src/mfxstm32l152.c:159:9:MFXSTM32L152_DeInit	16	static
../Core/Src/mfxstm32l152.c:175:9:MFXSTM32L152_Reset	24	static
../Core/Src/mfxstm32l152.c:194:9:MFXSTM32L152_LowPower	24	static
../Core/Src/mfxstm32l152.c:213:9:MFXSTM32L152_WakeUp	16	static
../Core/Src/mfxstm32l152.c:226:9:MFXSTM32L152_ReadID	24	static
../Core/Src/mfxstm32l152.c:252:9:MFXSTM32L152_ReadFwVersion	32	static
../Core/Src/mfxstm32l152.c:279:9:MFXSTM32L152_EnableITSource	24	static
../Core/Src/mfxstm32l152.c:318:9:MFXSTM32L152_DisableITSource	24	static
../Core/Src/mfxstm32l152.c:358:9:MFXSTM32L152_GlobalITStatus	24	static
../Core/Src/mfxstm32l152.c:394:9:MFXSTM32L152_ClearGlobalIT	24	static
../Core/Src/mfxstm32l152.c:415:9:MFXSTM32L152_SetIrqOutPinPolarity	24	static
../Core/Src/mfxstm32l152.c:451:9:MFXSTM32L152_SetIrqOutPinType	24	static
../Core/Src/mfxstm32l152.c:491:9:MFXSTM32L152_IO_Start	24	static
../Core/Src/mfxstm32l152.c:540:9:MFXSTM32L152_IO_Init	24	static
../Core/Src/mfxstm32l152.c:674:9:MFXSTM32L152_IO_InitPin	32	static
../Core/Src/mfxstm32l152.c:697:9:MFXSTM32L152_IO_SetIrqEvtMode	32	static
../Core/Src/mfxstm32l152.c:721:9:MFXSTM32L152_IO_SetIrqTypeMode	32	static
../Core/Src/mfxstm32l152.c:742:9:MFXSTM32L152_IO_WritePin	32	static
../Core/Src/mfxstm32l152.c:775:9:MFXSTM32L152_IO_ReadPin	24	static
../Core/Src/mfxstm32l152.c:803:9:MFXSTM32L152_IO_EnableIT	24	static
../Core/Src/mfxstm32l152.c:821:9:MFXSTM32L152_IO_DisableIT	24	static
../Core/Src/mfxstm32l152.c:842:9:MFXSTM32L152_IO_EnablePinIT	24	static
../Core/Src/mfxstm32l152.c:862:9:MFXSTM32L152_IO_DisablePinIT	24	static
../Core/Src/mfxstm32l152.c:882:9:MFXSTM32L152_IO_ITStatus	24	static
../Core/Src/mfxstm32l152.c:916:9:MFXSTM32L152_IO_ClearIT	24	static
../Core/Src/mfxstm32l152.c:961:9:MFXSTM32L152_IO_EnableAF	24	static
../Core/Src/mfxstm32l152.c:998:9:MFXSTM32L152_IO_DisableAF	24	static
../Core/Src/mfxstm32l152.c:1039:9:MFXSTM32L152_TS_Init	24	static
../Core/Src/mfxstm32l152.c:1074:9:MFXSTM32L152_TS_Start	24	static
../Core/Src/mfxstm32l152.c:1137:9:MFXSTM32L152_TS_DetectTouch	24	static
../Core/Src/mfxstm32l152.c:1175:9:MFXSTM32L152_TS_GetXY	48	static
../Core/Src/mfxstm32l152.c:1203:9:MFXSTM32L152_TS_GetState	24	static
../Core/Src/mfxstm32l152.c:1226:9:MFXSTM32L152_TS_GestureConfig	16	static
../Core/Src/mfxstm32l152.c:1242:9:MFXSTM32L152_TS_GetMultiTouchState	16	static
../Core/Src/mfxstm32l152.c:1258:9:MFXSTM32L152_TS_GetGesture	16	static
../Core/Src/mfxstm32l152.c:1274:9:MFXSTM32L152_TS_GetCapabilities	16	static
../Core/Src/mfxstm32l152.c:1294:9:MFXSTM32L152_TS_EnableIT	24	static
../Core/Src/mfxstm32l152.c:1312:9:MFXSTM32L152_TS_DisableIT	24	static
../Core/Src/mfxstm32l152.c:1330:9:MFXSTM32L152_TS_ITStatus	16	static
../Core/Src/mfxstm32l152.c:1341:9:MFXSTM32L152_TS_ClearIT	24	static
../Core/Src/mfxstm32l152.c:1363:9:MFXSTM32L152_IDD_Start	24	static
../Core/Src/mfxstm32l152.c:1394:9:MFXSTM32L152_IDD_Config	24	static
../Core/Src/mfxstm32l152.c:1511:9:MFXSTM32L152_IDD_ConfigShuntNbLimit	24	static
../Core/Src/mfxstm32l152.c:1545:9:MFXSTM32L152_IDD_GetValue	32	static
../Core/Src/mfxstm32l152.c:1562:9:MFXSTM32L152_IDD_GetShuntUsed	24	static
../Core/Src/mfxstm32l152.c:1580:9:MFXSTM32L152_IDD_EnableIT	24	static
../Core/Src/mfxstm32l152.c:1598:9:MFXSTM32L152_IDD_ClearIT	24	static
../Core/Src/mfxstm32l152.c:1616:9:MFXSTM32L152_IDD_GetITStatus	16	static
../Core/Src/mfxstm32l152.c:1627:9:MFXSTM32L152_IDD_DisableIT	24	static
../Core/Src/mfxstm32l152.c:1650:9:MFXSTM32L152_Error_ReadSrc	24	static
../Core/Src/mfxstm32l152.c:1673:9:MFXSTM32L152_Error_ReadMsg	24	static
../Core/Src/mfxstm32l152.c:1697:9:MFXSTM32L152_Error_EnableIT	24	static
../Core/Src/mfxstm32l152.c:1715:9:MFXSTM32L152_Error_ClearIT	24	static
../Core/Src/mfxstm32l152.c:1733:9:MFXSTM32L152_Error_GetITStatus	16	static
../Core/Src/mfxstm32l152.c:1744:9:MFXSTM32L152_Error_DisableIT	24	static
../Core/Src/mfxstm32l152.c:1762:9:MFXSTM32L152_RegisterBusIO	24	static
../Core/Src/mfxstm32l152.c:1809:16:MFXSTM32L152_reg24_setPinValue	32	static
../Core/Src/mfxstm32l152.c:1896:16:MFXSTM32L152_ReadRegWrap	40	static
../Core/Src/mfxstm32l152.c:1911:16:MFXSTM32L152_WriteRegWrap	40	static
