../Core/Src/stm32h7b3i_eval.c:171:9:BSP_GetVersion	4	static
../Core/Src/stm32h7b3i_eval.c:180:16:BSP_GetBoardName	4	static
../Core/Src/stm32h7b3i_eval.c:189:16:BSP_GetBoardID	4	static
../Core/Src/stm32h7b3i_eval.c:204:9:BSP_LED_Init	56	static
../Core/Src/stm32h7b3i_eval.c:261:9:BSP_LED_DeInit	56	static
../Core/Src/stm32h7b3i_eval.c:310:9:BSP_LED_On	24	static
../Core/Src/stm32h7b3i_eval.c:340:9:BSP_LED_Off	24	static
../Core/Src/stm32h7b3i_eval.c:369:9:BSP_LED_Toggle	24	static
../Core/Src/stm32h7b3i_eval.c:398:9:BSP_LED_GetState	24	static
../Core/Src/stm32h7b3i_eval.c:432:9:BSP_PB_Init	48	static
../Core/Src/stm32h7b3i_eval.c:509:9:BSP_PB_DeInit	40	static
../Core/Src/stm32h7b3i_eval.c:529:9:BSP_PB_GetState	16	static
../Core/Src/stm32h7b3i_eval.c:539:6:BSP_PB_IRQHandler	16	static
../Core/Src/stm32h7b3i_eval.c:549:13:BSP_PB_Callback	16	static
../Core/Src/stm32h7b3i_eval.c:994:9:BSP_JOY_Init	72	static
../Core/Src/stm32h7b3i_eval.c:1099:9:BSP_JOY_DeInit	24	static
../Core/Src/stm32h7b3i_eval.c:1152:6:BSP_JOY_IRQHandler	32	static,ignoring_inline_asm
../Core/Src/stm32h7b3i_eval.c:1166:13:BSP_JOY_Callback	16	static
../Core/Src/stm32h7b3i_eval.c:1187:9:BSP_JOY_GetState	24	static
../Core/Src/stm32h7b3i_eval.c:1219:13:JOY1_UP_EXTI_Callback	8	static
../Core/Src/stm32h7b3i_eval.c:1228:13:JOY1_DOWN_EXTI_Callback	8	static
../Core/Src/stm32h7b3i_eval.c:1237:13:JOY1_SEL_EXTI_Callback	8	static
../Core/Src/stm32h7b3i_eval.c:1246:13:JOY1_LEFT_EXTI_Callback	8	static
../Core/Src/stm32h7b3i_eval.c:1255:13:JOY1_RIGHT_EXTI_Callback	8	static
../Core/Src/stm32h7b3i_eval.c:1266:13:BUTTON_WAKEUP_EXTI_Callback	8	static
../Core/Src/stm32h7b3i_eval.c:1275:13:BUTTON_TAMPER_EXTI_Callback	8	static
../Core/Src/stm32h7b3i_eval.c:1284:13:BUTTON_USER_EXTI_Callback	8	static
